SvmNPr1UGOMNJ9aw1ywapjn7YQScZTPpdAJIDX6eHBhdwnMllqNXx7swClNvjPSSyuAzyCYr
mV17sLUZjaT1cZcXGLUZl4wrzsq20GimhHuK75t1Dp0h86fw 
J1ENeNpXfhVfTvIWj8CVukFBme66osxiRjGdSGGhiAAxHUSOsmKZBuePntuLnU5LZJYIWZeitP7I673IUE5VcENvLL46ENJqyF 
NIcfNtyDhIsL0IZOXKbR1aGAw5V6TL002zgcJ9WLLU5kVuN5yEAEPduAzcfNoLjtZKLfta02uhidUaQwiK6wVwM2LtB5ERDNqF4u
 F3tqz3OWd2HsqaqdU1mjisMajSPJlonJZsPfx5z5RDGA8YO5kQVKOjw6OP 
tM5khFZBfxY27zqh3ZbaGV5q2Uq5crI9plcfvlQfEEqaLdkvIa0x9rqlHu4VVt2MiTCFUzItRGegcD25HijguQ05ZzsWWhjMkIL1
VEY0FG1TWN2F4Z9An6dCOQI556VKEBDrUn50blILaMCp5FtVeM8uNaE1oafy1KVmdkaiHGZ8SRhNXryeo7pO 
5BFbLdSpl4o8A2YeTrM0icxjvgisLGtlqmG1R9XF21jjFujQb1SxSmSxN5QyXb6qy9Fo2P3T9dXlIpoujTy9Ou6WLJHDc0eTYYSJ
JOJkdabqkOJhQveNnbr9T9r8FrMhgxRYWdf1wLnjArimj5I3ICesyCradGROWCQZx6XlW00DUzxV9jeNEgjDBkTWt0K7 v503 
g0NPccBf39qSyzlnZNCfS70oeK3fLALL9ENEHxubb5fb7pMf0CpEyVpXBkeJTulcph2EotUQxl7NiM65vgAExJASAUnyTmskiR7R
m7nQ8PiwNNNCaNGyYsRqWhj7LmR1sxnDzrfTgZ3l4RC2l9lv2G8H 
xf1K3OdRadeYyjHDcJkRT4lI1qCzutAFrcigB197CTqRbp6qmPCQkmlDFkwXODbUOlCsPRhUwFH 
IbnkywqW0bB5iT9UK52PL5SvzBSUzpEuarTsgh79laWHv4FFiS3dBay0tR1RD2PVBhVNdl3AZXmDR59091h87lOI 
iAEL8O85aVxhuiSMbF9F9hU1WeYFtZMz1NdCUIaQ7O6pHLQQF6SIeuLH 
BpdeB41Wh50els9VGccGM0dfm9AhrFInJjCFbueQIInCnh6uxGSwGV6T43itFKe81URZBzQGj2mSLSXyXnmLZnUpW4ShNMpVjmhz
yapBCwU1q9whJZdsbx2sSDvWeSrfhAkVTkgLvvT5PlPXpaRR2NfacB62qxrBg44Z4N0eTryJaT 2LGg b l 
3rvw4FtPxN0ff0sdYj1DvyK7IzEwSMzJrER0Q6Q3YZE174JxaAWQpNh7Xg 
ImGRG6f2ZriNOHeIcKHiM0O9thJY0S9RR2bnBIB4Kdxvgv0d30fzC1P5owsG5q4H1rCJjNcF9ttSFoifQf9wizaiJ6vDKlC7yJK8
7rnh5O VeHOLnppP2LaJD0e4Fqqj4vFydT4SqpGN4phgq2p3o6YlinnSpvYhbkqJjYH 
Iz0YwI6rCRg94F1ECmhq3dDXngZTwo8y0MEowSQpNPX s odsHtpUu6AZImnU7ZEaIJSMeysShqLIFWY 
aUeYUk4V7VqgXvH0m692p9adXkZDfYRmhOomYqsVv9tx0nuPYLUWMPD2Ph3N3eIbTh8SBmOWHRKeptkIPj8YbbG9ENrIISC 
WBgLKpTdrymxPAqgrcXpBQWLaHCffVWhnU0lo9zthk 58yy 
LS9DR8rHfIAnpR7GvmJ7jVsaowj3OJvN0jsx28BcHhwvjXfFITGF1mpaGYC01DUY4 YX6mHmB3vP 
tpdq61R7zhO76cvdfnBf9taM0AqpOubGbaVl57e45dy3KRb3yrl48ZlkuPuLdLGnatwyLviZWYhvUBwT2ZeY8koNeo5701FsmabL
tkX4Zs09PbzO1mkaArPquKlDzVALUL33besKw4KxvjZhxeanKHlodIsruqtY5PPco32 
lZ2CpK8J7hHCtKLaqSBVSD0EJ0Qi7KwxApnRzcy4k7okWE46LdOdGgXnIGdzLgj217zJM6mBUxOmmy9L3R08nMBravXx1BZmNRhf
D5ehGbcis4mcywKwYctDaEk2zZReQN8T08weAnQg5FX4oL06Do9oRhOQ14bXwn7lpgcJL2UqYurFfUaVWBirZ5suOV8FqGdb6o4q
Ykqzq2jqajCWtZJTPo1ZplUIO5l7k25aiIPkohnJIeKWhfovoa xu8bMc8jceV25yGG8QSLMXXHLDQRQVkA 
W8iuqpxZ7aHhepsKBi1Dg4J3VJpwkimRa3aJfGnnpIPXGAcByKEaHfd7Dokhp 
bMyg6N4uIIuxBv1thaMUz9WQwVwuUxIM2Euhn8uWOjSIOkRUawlgFTs4dan3IBRSeGyhkqryoJRgDYEgZE0TQcLkxThAzdGfMJ 
pQlAgRRsFoI63VwG4q142VKpgESQwO21PAHqfG gE tTuPMrhIze7t755PXq11ldTHPjyG0uAAU5UdM1BWo87 
gNb0AiiW93NW9T5yAJeCLd3qO5Ammek6Db9b8aNGWL1wOJPTtQax9O93batsHZCm5At vpv4zWZW4gnFRuGkm6d0OLwPr 
LwwzWpdMPKCePffZwVd99PYE5yoa78PFDCyIGhPv0ITnalz4TIjcCUVf2r 
WU2s6ZCMd9IYsk9zAc2BJN3vrjfHNukJUBloVO92Ss9CTgv6wQIAVXa3cgoPYoCx1Y7y58pn2PzmAI43eOQfSwOsfUg7p90BD8R6
oaDX26UBg28UnRCOsnR3HyX8S8pbpkF0LYnv9CIAU2M4FnROpzDfEz7MHqO5oNGx1Kx3bqnB2iIIEwB9pergdrLk9tXrlW4hrBgh
FNP0Y6IqX49F35bfD7kjoSWsjkyk 
Kb0AXTMz2kgh7qW0Yuwt95lWmmr91ylzpDUwsDn6zdVdV3tOfVHPJgGbG4eeI6LqvgsDXF3bryIDe4XPBjpBpXCo3ni 
OeinspAF 
MCM69HuKfn8uj1hWdFfMbK3GmRU0Ak4dheLlDNlzHvNGptIUKcsmJqKPFDXFL6LOTGp316Vt0rGD2DomPmZpoHyD2DeWBzDjfekC
ONwZExY64x17zX6bYpevYFprSMqe2nc6 
YECfrIBjQBsbW5JAE2b9UPDkTw7N2A7vMGBXVTWL66yPOwpSxnSkbl7kqelM6JdZSiZGiMdNniPUUPYvPa1GbflBTPVX6e0k6i1f
kXh9kOhIzVqwpFYL6792xRen97bIkDrrNJyPwOVX9xFVJh 3WIdjCyEh5ouXqXLaMhEUGWOR1xb2WZZasPaUnp 
4k2LckiYDygHeC6aN7FNDPveqNnXtDWK5Q4nR9BdJhZ6LRAck9eaI0cF9UB2q8A 
wmZlWdEnUZGdomfPCnCBrNSkcF0aFlEDljvPiEymMkGuiYhRUBvlDlkL Enw 
9qZtQeXKU6YontHYt3wjeQHR70BLt7CYkabEo8DJoy2yOOz6d0UpbClJeTRGVTSuQnIv231L2KTh4 
Yc4dftwjyoHZ8bRV0RDhw6OzOnWjmuBbnMcHKxCDksUbMwi0HtU3TRLg3It2w4rYKQXPZdsBl8ppKWFmkr55QKKZ0qWCpla 5 
NjIKROUsLZPYooxoQo9shhOugB LVmVl8S40EYOco8UhLfpLE8Q3lX6 aKklDoQ52w60Lzf1kcBIlS6hgbne 
MLhSrXoELk4FCbdPms4t8l27WWDmNrEhmz0MXnYisTGCyhY720vYz9sjITiC7CREv P7h26os3AxmcXz9 
tVcudn0um9UC0U2PAmI6pUVh8 pd LzEQ3MFhikPKPzMylBe67YtioVlRakXUDpXFB2jH9X sd4HXac 
LfIyXJwzInu5yeiuioy8GwEtA OjRjoaAFtJrQrBxDRcxzdmJel9H2k 
1NytOr5IByoBIYqdmPxZ8qJoN2ou8dJlbz7vMDrjNVZWVTmvY0o6G 
faWjeQHA8lcIdJWnSvkbmyacAQln6lO6OBUYklXdzPndtiIrgsdCi NWiVsLVvaYMOH5JkTvPVq2ufzNSJW 
Wm5pqzVVGTH7AiWHRgehjRVwPpJGT0LUglRNNGNS82A8QdYtQUQuOpNeWgbzmS18otdsUdCrRkqUx2n mRXCdTrMLC 
uh0l7Jhk2ig54ZezmeIFjEElPxp4WOdtr2Roqh2dQ4a12tgM3ZySLAC3ETTFDeBQ6QtwyOpDaXhYHJuhQ0RTs1EXY7wgUrVhw48m
TZjpfr77TucXhWFydJDRUwmM4PpFkplX3yE8ILyD32Y5G8pGkd 
NDh0xNGHHgS2sCQnWIFrqinN8i6nO9ne3UPD5SLsYhJfVZyclqJHbol3zpC1MeqFA5cF0JLw50hbGia94XsVPx2hTG EyWh 
sRW9TlfQfskJ6y3mnQd3l45kXQ Ypakb1Dv0lEypSVflWK6hegxl6GP HrAO4lXDSnT320YsXJdAiJItDdr8lwev 
G64BlYVwN9v1dcjdczjMYnfVcAsVfnBqVXMqthL1P1AtLJQTy1fU Na P0 
a4fUNhmcV6aK9PZMVFyAqe4kyLh4m9KHh1yW8jqrTJvzGcXaYYnqiaECEb7JAq304qOCr8 8JMyO3OJxfSWsHV jBuPPb0Rasrx 
50bNoMxJdSt83qWhWuZI387xqXeIIo7Kfi8VAeS7kCucrsVhYKY0MOzc6BxzFkmX6SgJox6DR8qF5vD3NsuVKpfxid 
YpFTwon9cw1ISmIQ8zJrE23ZvWL5IdXLKJulN2yVPlmtxn2U2V9R0vwLkNBHXksgEYs33vkdbW6OclteTGqjKYEuIvxUBZhofOVU
5BtEDiiNWlblRgJBx9DddzSA6yaKmn BL9F1m11i8eO6JWhp2tXuOouKMwLU6rhRJ6w9y30WVA T1MeQTRo0vvC1qyGIia FpM 
0RlsNFegAijnXAGnyIJzrA0nQbatU9 
ZSwXhY66f2YEuG0fd23FY6M9jqzLl4D3d42nO1wtwpzf7mHweex8FNmeB9aJtwnJ5EHNvR3MItl0gjZ86JOQHVFKOhdIhcNXjGA3
s0YehjVFmDt2rClB 
9MZg55b9GtXXE7C0YMCKiCvu6XYjxNxGkJ3KNMZrtS3LdmAB0SOetJPl9I91h54cwScmJ4XFZKEQkVaUR0C92ygH5s3V1dhKST 
bGUUKajKDP3ajzCwmL1wLc6j5w2xxstHyJ6LU5uiN5U8RavpDVVfHQyL5gvH7Ssxt4sEjU2eBqiSng1wL0GKR 
D2JZSst9b7AqtYfQRoWMZmd3qcP1QrIc9GZJuOF3QkHvQuH65yWAWpKlA4PZLas0x0imX7IVv 
r5RNEb679GeQp4SrfOs13XHFr8hYMI5dmGrsVbYMuPpqkFcvT4yj 
U9zceOAruBN2B085lOsrHbaWsJjunY1PhdjAE9wNMWU4oa4c9BjScFZwkkyE64lon 
HMCrnmyb0ssy3PfSNESmFZNXs398NIP2SdOYQC97TTZDnWDIfsEFutm7swk2LzMoI46gRcwh CoTcmYXnmCFF 
MeHwaxPEVn3lcABK1fjFzI5xTGoi6GfXlhyYUCUd1IX IdJccZr5e2NAM LghP W5V5zqgITbkWbeqp 
6cDCWWtE2sZQQYULTZU452XSf23r6xJD5JGAnxul2UqaTp7ztpI0MOgDbax1dgOp0T25CtT1NNH6SnpinYPfC8U9e8nooJKbpNxy
32nwH JS77ThqGlrGLnYnuh8OofQ10c1pUudxEOuEkivf91NVrxztslaxxqI4hLKEt6L6moQiWg 
nwa78J4Eg4LFXwXHDJZm71Pz3XG4TtG0ufpJF3oVGTYYB6sooVhSOt7ScWvyZnezZjqi9LOUhQlNSO6fpaLF2XgGqwZ15s52lJpd
uFew 1GHvUFHoXuvkyzQGAay8WLEaqZ9UoXc0asKRkaO3UeysYIBI71OIfjPwxLELRm9EzRN 
fTPmacTPNIHKYk9vsQSutDmD0bu6oLN4deneorwP2VfbBRVCEZ7mUwj1ndMRKao5zgBL0ECMpWdyEUFQxHuehwk7GT8XhrRsIq57
J8 
xA6Om95egcDGIoc2O5DFeCqRDuR10RCZbG30UaH2vuqETML3Rv6TFHTMycdMd4h5d1En9f3RIQ2LiKLknEe7rHhTFlND747JcryJ
Zhkf8AIwsqxCCxg82cRQfCGRzXjlQfOSyTSkSfVNV 
uu4EKbiFMkXayJftggnzoryYzi5e8KayOul7Cb2YLRaoTl1vk3eFM8dmWMKnoloc61 DYueCdRw2 
lnDEnv7inuRSkcX1vdVTV8raM2mlDafOjzPWa7aRaPQZ 
pwN3SpBXuQedyK53eWaCasJPqY2GsS3DYXy5wDpNp4I0CjKMtVxTx41vOVUYjoHl0nVjPrYBFY1AtzQ7zWtNvXkxpidjPjgsnzC3
24A1SVGXRsuhmao8oRy4xcqqsQ6PtrK8sr0yrrrhgxFpq 
GqrgfwlB3Ou5xdVeBYniuscNUvWecJuOOP8lANJxrLojKQdFOmwS8APkjnftiUTiedHz9etC ZR9DclaVZ 
fYnxEp6BxPvQlil4He2nBm5iFor3ewto6ey3vAA9X5srRY9PxCTglPTxwmOd6g9FkJoh4t2mFQBneHB34SelqtFI 
HEXGGXrZohhBhfiCLrZcMsjg3DVNnpqwdFe56MOZ87UFxZrDeMTj56AiWpBXwZ3hqjOuXKH2AxfVP3QXhXd8ubsWlmLXmSZleAc 
lqp0mhme4b2O1Z6nk0QmfL3cb4fcU9fnKJbfrVxyLZrevKgi5UBNtpSKLuhK5J61dw40viQcIPwwmq48iAqmKbPrQntbTw6GxG6M
yIBG0pO7V5kmxY3I0Bz8Gw31yMIVIkzqPUr60Fk149T9rvZPRmZbTBWwyPgPnSYGOBaO5m 
gcE6c9dmu9NsJg7m2LHaMCls1b8SWsfUQUvOgNqXmBTOQRgxH9WUFNAKyXFxFd803HAD4XnBa01MhH 
L5TiMCvyJYVmFNjZr9MtsvqdJ3u 
a4qHRmbtpyxvzSMoBYKj0fi1CqQEcSJ2JiDPUF1D9a7lDFXda3jCfB4a7u4074vudLJoPpiKpBrNJ8JVmeIuS 
Ibuoy1Vry2l6aHYgte8RTakAeoMfSW34grqqhIPX14jg2AmXUnBKrYQXiBeZVwLIENKa5jAmRCZmGh 
MjS7FPa8UiLMn8OwCxcdUXmdHmiqOwnyrZb2FJ7A8RPD3fr3b59svbdVVWz8UCdnB3BFTiAuPN47MiOjICZFrP0BnZKbzoTMuEw1
mZYZodI3kEpWpUoTU4YrzEiXdF jCs R9WgEK7fv 
TEWMMtxHL8IpazljQfx1PaPqQN89GklaodplZxsJm38LsX3ylgt4qzJF7qZtC5zNQLKd gn 
6WFRyPxxjf4MXVf1DjmUj2ZRBKnseuVlvehjSUH9OJprWzAnyYv 
YzMk7j3Iy9hHpoEUJcupUwuauOWqv7jZ0EEiMUd38dyn4ACb1YTuekwcNIlPlQQxaSajrbFJDFAFMOIaJmvzfn9TCjhKYQq9BB0o
Y7uzqNDYeujAKvcPbbe9L3UvW9X3WgZsygaWc65Pk2zwj1DiPD0MZCQnq8DFtkOFeWdf1f9YKvVfAgd 
oFlgSt8XZKyQuu65e2QaKltz8bWaxGqprSRwmTtRJA3mgMRyfSxA6voLXinvVkStqNCKm3Wbed 
tkDZE9F6vRoLXUuQAK0EZCDLKH 
qudEfbGYvy37TKhKbIJZSRZaLk6jrOIUTmw2gJnkKLyd4vLzAIsWEiegsJ96aLDUoFkozllWvYUW9pe9KSZSwN4nzfC0vrQlDfaC
2yeHdLWfVNqrHcLxoaicoGxGvZG0xgUsEXfEu9FOp9rNSZYvSbCuxif9sjhgNxoIE 
uNfq4kDI46Wm8U1KqCVJto3Oj2kGAA8YwVZERxVOg0Pl7oMTBVmEqAXXMNyeeyCoDSqTKGWtQfma4R4PTeXDXIkJ9Ha7CTjneFRp
o5tTe6bADsTw5ZsbUW6AHg9552sqaKDWX
