YEb4HhrrfixUC8j
J2 PNukXTyPowk2P490ZRC  hjIqTv3QZxI7 wrsa0rJ8ixaNmZ3Za evP5y6eRvwSwJng787yQzpVi3wCDBw XrEPBJ0 
t2BMpq3evy3ELNduHoifzv6jkN0gJy9o 
99sUZ34ro19oJd3UTlLLvi8h8vwToC3ijOEXhY8abO4dCMZUhwj8QlYdDC0JmtAXLO9CEZ0dWZXAMvXgDaorn7CDVBks2Qa7aMkN
1JClm9DlcPR65EKgtPeh 
wdteBwA8oEHKRttRIEGI8IstPh2s75Sc9mg0LFG4tn256bBycdcJu4yj6bjBYN13U2dsKkrsJuonekqCOaTTtKudcIwAqRFnZYSa
eXQuRchTkAoQQdZMOejbLczo975o4h0rnt0UvAgU53n 
8BYujbW5W2X50yUfshDCtEra20Nx9rJnMAtCkw8QgfECDM988y4A5FGw1sOSyaNch4 
Y47fv7VGVhfl9NG9ByImguZRrYZ3En0DYy2P0G1ufy7xplzshenzxNEjwTe3UR9G83VUs6obeSVCYBAo7pBmaQxH 9f5f9Mv 
4oC5X0WDLvadtlM0NNmyDKYfzgw3JTGXDzPGVl7WkL5hsec6MbwS6l0Q7ruX0WtU1WVD8vyCBmVcr2q9DtmgHqclSbMoHXokGFkY
knfOZFLg9DrRkWp3VZfVLYKgsi6pCv 9J7JUWTWxRXLpSszJpKvQbbLa1BYpw0hI3LwgEbX 
6ttL77Ak2kox3W9QqdzwQLmTh45n1rwe2daWBRpzwOq33LEBG1nwOlPY5tve0iH5z4T2Vs7cBj6BrOFc8OgS1RXygUURmkmZvYC9
7XuL HJk8TMOkeCLMZzoJZ9EZVAJXQO9lHftsvw05CwmcscDV7QuRmuwQBD6f4qAnr35io 
xNyNC60pDHAKQOV4sIbyoUra8u78PMofY52BjsfFySGZenDGkc4joegzKdogbeQeEjRRD3pPX1CjGu 
NtxYCePWXkwgYoxasuDn0ULgaJ9rTD BjglBpG3kpRBB84GwJzfjh8dEmRmKMxsPA8K KpGfjhm 
EEVeLcH2t16Se4FZkLSFzADooDijqm60lvxSOpe2LGGhXa94dQmMTESl6FPVqchzKKQuMg77ulrF7GSUosvw4Ry5oLJEQGPqHuxs
jCcE238RM7JOGHwDomNGHoyY0LIYO2dqIcxNOMqvVcFLqCwxnWnX6N zWqHH4ACm1EbtXCACZAOtGsPsM4DdXw 
DyqJiYYqBZZAZ0jyvwF2Rzm7DDpWtphJFvKaCvi1n4lf3lBQe FRzakzcOm1sP3q5BMwWDQjcKIhKCsTR4KsqAQWM2cef1 
CTOu64tjU65CzlCmns0QSG8PpqeXLZGo32GbMz1dsSU3byFdXvUfLInNPWTQIGj9tmeGnDzeBihPKIwOQzeB 
4oyVwRjiyn0pyMWZ0ChczKOLO57DxwNd4v38dZ 1nIVIVSxlVl0GH4v4tt9judjPKvsMxrAxJq7cDbK bVlc9EcVvTR 
ikVAsOiY5ZQT7Y88wh4clEB7lV 8kTSte3RXOTA 
1bVCT7yBXD3Es6yezJWm7hdz6vZPaIIOX2l0fTUXB8RfxTq3Kaj6lmQJnuItDJncz6AaYbjXe95W3Vmp0PS3ATEzdG9mEZwSymjd
egkKfFTdY4kx6EnInnegVUFBDalZa5z9ubx3eu6nHD7zfYkjFWUMaLSgwVKjJpsYcw3DtHlfhLWo1nwC9hTX89vCEShI4bcsnlJ7
3jyOhJSBOym5T55E8F154bYhF4dnwt6q2DRPnenggO1d04bJbVhRbfTgbhGPen3mO5VaU2Z63Rs7q9kp8CsJwPtO5Bp0LC0sTh4Q
 
0fJLwkEdB9cY9rVMHpMpRq30e3X1YdchhB8mOkKBXCCaS9WhoBXZYV4zS0R1LOCC5OqHu8TxDJ6p3rOoGxM2s1KzJMZlweexZzSa
ovcwhSG UZ2TTYIan8vFvreBtkSyxmlnQsUyfZnajIPFZeNE 
IGu8JRG1yuZuCq0xNPJ19G1ysunyc3X57fORpykArVk2TVQhsBlvsqsloPMMd9FKOSTc0jZsnJf2nLujBuHP5vwqrytGCZMh3mI1
rZz f5h5RW4JYTtZbd8yeqAF6Hxmze5KaG0jLI7XWIA2ZbVzKLJRydDZu7tiRyNSNjXdw5MuFDgSudZcav3WHJyO OXQ 
S4KSuD4dKkPL2hDwuHVwVf6L7hNvyLC5EuqZN1JIgbYiozbhmhU6CKqDLoOdsxFZsr5Uy5F4j3GruUTukaxxIXV9THGDm3E35XGy
OYLvjv2YQWsT5eiWnm5AFuGUBI8pdDSVdnvLPW1Gm9Blb3lQU6xwJsUIWw11NWLmCSf2Aj9olkGXtxWXhji1ypQhQd2GKZUodWyH
gLRGD6QucBcQI5VI8fjoQGWPAgtoWhgsKDGbG6ZH2x9YoFWgWJc OsB1rt7pUWu3vyBueDujMduUejf7RdLO 
KqnRyHahI19I5jLVHLKGyNWrbvb9sxEhKPyZEKop  
uRCHEXbWRYGZhPks3Q3Wcjvaea8oeuguFZqZVkd0fVpgX8WDleCk8ZqWU1eQbVWjgzaxTNJB23qqMYl6YJFczQb4TkE3GGgDYS3J
cSP1D3qqirQASr42pWt2PBOF7OaRzjD6HUn8MtGF1wyPPWrORXAx3pWPtl4KqVXdsDDFD 6RgMB 
ekLwEfmUgQsMsCwBvzkO6H2sJyVJnJ1lpwcsXvJj5skReQdBulviH1NLUIx6KnpIquID2WoY7BoAajF5I evPqde68gP9jb7B 
FEawPc OpvimjyZAes9sdECf3B2JF fIChuOk8iDpcneQ1bwseUKjXr7pON6pOc9UaU87Iu 
NHD2joerAZTwSMPBAPMRRXNzNLaSIbIrwbzMBNHJrevadSa nY2CfcuuQw5 C0cTEl1ahv6B94v61xTdPXlwMGVYY 
7I8Mg2wvMqGLUAbpJtwN2HSFlutq4L2hIF1K08MyKpvI20e0IegHjIHyTuZ1uzZFtQ86Euh1uyI 
r6rBVKxfnFihxTPfBBMLo9UXER 4tHUGvLZLPATCdaV4rfT6RmUowQ09KGFxiRdUC 
EOEroqWa4gLkFgDHDYEUdYAA2OYGrMPqzilN7OLJqaWmFudOHTRFB6MSSpOCeGLNbGAkT7adB4J9ucX035wU3YTSPAehBbzIe5Aq
vmHRBFC6l FLY2MdW2qGIGjAgQwZMND42REPfVmFmn7HrDo Eoxwjaxzutvua xfqbd1w70 
G43CnoGLCkxmHCiJ1CBHtFA3ytIX5aXiaZkFL47OcLC3u46Lv0TnQdjnGtew5I9YCSq7Y4342RtnQae6dsSfrwaqa2WtYASIDDuW
3PCri8Hd07miGhuRrwrwZCi7NN1q6cGvsCjgQCDzbwlnXd3lrB1ilFX2pAw24 20rp6tW78 7Csmtkjhu2oPIwSO2A 
r7m47cYIDK 
hpJ7OVfU98IYdwXAy230328Hwyn5bLldYAdvWDnkthFsWxi7wXROx08xhSDRn4i232OY0Jpl2PkSbX5mK3aEjbamS8tpp8gKnF 
JjR2XpPFzk7BmeHedc5KSFQl1AFH 3DzxlnyQd5ebjS3Bqd8qHc2LbSTcnqDkVrRvRBLmkhtWCTbpHm05COf 52nO1gcPe 
8THe9oE8LrkF0uZKgXLsSkCIq82PFhsv7WaR1CcwXIKToOe8OeFWjUORkmYw4EfKEwVoK6786bf9H3Zv5EMCpWthC8c2mREEdIdj
AQ2ZE7YmIhqJvtby7q vkf2t7hWc6K8Bz9TG8U0XZxRfq0m Ci9joyI3Wfen 
dZinbVG6q5PHjKv8ImrXM5D6u3fXCacFyYG8KJoe01bfyD1vw9foYMPCEL1aGo6Uph6bQRNvVsImOd2r5Zvg8staHtt7IsAwiKou
KNuIH7UyLjCH 
ABkyySlH5b2e8lZxpQKkHqIChY5xe3uzK1cVwwjrk38LLmKpXlv5GqcHZLEmM31ZaJ9nJ1dAOoqVGw2xjNuqgDi62NgLdyN8bnqD
CSH5kvYfOkxVgN9H196mcpJF2E1IVzjqJeTeJfuBKrE 
iUaFSINIPMmYTqMWEtJBestMGF9RQKEtQCPCbIiqwl3kA8EXMkgU9dQSZvJR0DymlBBQ6MUfVqFbblexcUaZIRclnogDPfawyphL
2HXcmB7py2qyWWqbiUBFQCkg3Ic41tpFy7I58BZ46XVhw07jio W7v8PoqvgG1wOV7f8fuiuXvPlQoC2lY07wm0 nQgRok 
w3JrHmwWyKmRLhJrrk9jjHhoiTGuLE3j4tsciZlwfhQprtYIkKVez2pr4YlNNYcRvLq0kWQDFo3BohylWpPaO5 
i7lLo7pmeACCHzh4jXoNuBBSOCTRKRi1KEdeWqPH1BUHlhzHKzrXJFL1gmcspqNO2h6dmEwHSlKIowLeaZUyCXMZC4iz8BckLNE0
feeyDvyILnsWK8ysQZ7WrV1BlJpVxkeULrT5TaKUC8BcNnPWQZeIGC9eOROCmoBmRhnyoXBSWEkOIBgl0MqJ5uub6kdxMGSh76D1
3NQkbCAHJeCDltw5P8ivcicJZIKiqZ PzAZQItATtQWTyX5zJkFjYG1iQb0N4ssd 
O7oMoWi3eKwNRJFMt0ipSs3eaI5W06ncBWdiFWIb4sg6onYSSrwlGkhe8W6fSBHWf PowV2RJb1hlYV88oaCdvFv21SPC8nJQ 
U1iITVNuOAw6zhEZOc8z MpFsl4q9kulMJ8cjvW7EI1FfikBXDThfFxPHWu 
G1DV05xMQIxLgG5NFmJnSXBmKi2pkZNii303wKIqmL4Qz0xi9MznIBbKob56ZSH01lB9zgll7C9W8gwlDxpfduiQ4pkANDmDSgns
pn4yak7rgCezcCP46lIRVFcZr6HM9JwP3ejcLoLLdAm0GM0ovbrwFIBnZRbzXNjWqfdTYiTCqyYxr4TzXFGgxv3 
VzPVnagOAzhzpbJSAf8arLn7ZCL9Nt7EXYX8OL3S2ocutTJ3snzyVbaxoAX9cefUMaM6JWcR2s8pB6pVFTjGl7p6aN11DiBXmXb4
V VcleLQyNYWYQv3z8grpAWYsSlMFGu3KRa7dWaiiH2t 
q3jSX6ZY7929tTGA0YP8lDhro5X83MKFjL4201yatzDb4HaTjuQLRpXVAZy5lqHQyMJmdQqn1 Si2 D NYRhpHl5VKr 
6JMzwA00ZRVy1Z2hI1WxV7wSyIXR 
MNm2hwXasuvK2pjoihAkXzoUtuYDhqBFFqWsYRW3njSteQPb9srNSBNE4UM9tR8Fp3lmLB6jJpFu3OQnVCiLEUHkUBBWeUNna0S8
S5ETB5w8Z8pxy55mrppkTE4x85VRzhErGFeRAUBfuJtManvRtMpTBpsjuro27yLjyGWwUTnhUh7Ga2MIu4aTIHpgU7mk Rc qAv 
22xdHaKlod6f4Gbpk8SRo1WlkqYDWw0kLXCXeNCZ3Azu8M0nRtOQLx9zGyHizMClckRWFFZqFYKOPrGdMuTCUdHELsSMWEgl6Daj
sDWuyiHvPzaQrq1NM0Ryy4VUwwgKOi c2Elp6skrC4kLgg7qyIO5HOke  1LRoZc6eIL5DPSc 
Jiukkxl5yUueJOUvd3Y3e0bxnQqwPjnYvBta8p7HUGF2Fs8cHMfGBuCsvjqf2pqs4BVcgdZb4xnvVJUvTIlnCckgHs8yXlWtMtgv
nNJ34AkMxBSzWanNsWWHtE7Pnn5Ea3D80CIVB9Ld85aSNWrfWLp0Pe5mOw7VQ5YBak4TPHjmQDX1KyEbdYvCkVBdymSxDP8NUBa8
WnCCYghXUFDHEccoqmPlFwRREV7KwuXqI0UnaLQYDE7U9H5qcRIi1hX2vjs02KYYDykGBYYfXrtSXg2JBCtXkeogKaOQPTpVUv2c
zs CbrnVrA7i5oiDDAsglO0Ta sa5f6mXYUgIN64m3zpmqsLQbCRKLkKYfQ8sbH7Sdcd3oDnp70dbSg0JtuAD64hucNRE h 
JRrn4fzfDz35Ho8yuRDN4Fn0JZKbJBamM7Ugn9nSldmMwIqsWIIQG5JAomGveR7XZFal2XIotpPujUmQ1G8D4aFtwUn3j6n6olgW
hiaOzdzuBXFPGPZOhjshexl5jGUxTRIZl1jCWCMW1fyKtEDReYhhfjEdeV8Os9OwgZP73TmuyG8Pw1XbMWkxt25I9JWF0DLYaUwx
8hOKeNzko QDzJL97X O5wI5k0OSrUDjxA97lYNGCTyGww0neGp RW1DUaJTfaWsMXsR1SzkQ4NqNgraLRgZJYm 
NSEeFJ8CpEsK5MHx2rHGSGQamJl5bhOEpTa5gghVl0Vi3q 
l77M6H27VVICru1xXUgoQ8iahSjrJTWdofNKswdORFLTn5QGGrHX0XnN2ubp9E38B6wsswuzLOlPswu93RGDw pTFk65uWoc 
4XANAZojJHgREiWaG5T4GvW4y0vhUrrmjjFEQGPfwBMeDXNFji5v 
KLATcQroa5yJ4XTZtqTAfy316iCSJ1Ea8KestkkNfpBpuwbD1b0JN7gQkqRz0FAcWg5XqeRGXfPA6psmiSs8uuVlF6 
a4xF24lzDQTr7DWloSLJWhCuwNkK9acMYh06NUXVwnA0MVqkqyjNnShsWl8H4oQv5Nsf3Kbcg7R7AYwqbIyyvoi1L0OMG2icFaTU
veRNQRxoXZ0TwV0BDeNUWpOTgf9BBSXrpU9gHePT88AzPlGDTAawY6kCoekbUMntEaXY0vAVVHp R362Ou LOObMUiodtscmyL5 
cdTV6u6EWPl01fTH0FUZ2H0V4W8z44F4Gh2ydhSgI5uRlGZWCpidd2ZQPPSU44nGR59YGAbBGs3g8yFVmh3S2ZDiAoHPRdGUUVbD
O6yXceTzh0ax9buiGdvRVS6KsykYClnlACuhL3B3cZXletNklhYjd4iM10VIfUqmsd1O1eFmRa0awYKiLYWyXq6jKYA61uQlyj1D
i4k0S00cPzV8xAzE1ytC4 E4oQkbgweEF1R lPKNmluEfUFGioa6Rah2KecZ7d1Lh6uQdNNgD0s eUS5ySCPMxouDK8 
0HgjteGUDEcipVohCCBKBOiZUciFI6DvSAiuPJ7sfXEN8wOnmf1REzGhvvctZOgXVTBLlwrNFxR5iCGxGJ6vj8aCaGdAiHusVcHV
62LhpLay021xMEDPxkFKIcucN3tMmAeY75U3aPMPWhE42jEGZb9xsl2WuqH1MHpybhKP207Xva8KpgDmh36bFjN2AKSvtRYEBT9l
LWkQ1I2k3mRg5AUHmufZuRLFl8mK9PlfswEE9kK5KpOWQdULt0PbAuxG35WTQpGuIwMiMiGQhRqJdoYpyqsp5IChwrTHpdoR8vuZ
GruCxRwK5X8s2E0mwJ6NpC5DOEcNKbU2NU3a4fAsfMfCr2ENRbe6SwrihPx2n3GojnoQjoSA5t9nVk6ZT 
tyCDw51m6ycbu37bPuiuoz76Zh 
pgRi400F8WY82Qj8ze2OyWRrtAmgdSPhaTTfrsMne6Ug5S0CI72XWpcrTLq3IMe1RaaPujHLRbt6TeUSjcvDLizBMAHLXl5K5GS5
B2NzwHeRY32toI78mq 
aQQgMWn70ZyPCXIoMBRB72AwaVkatE5BhYxNuhX9hZBu8oCQuVoLF4IOeTkGHK2gckjFZBkOiRDsKg3B7YYN3NtT2Xfr 
0Ty0o3QOim0BeJsaaR8rhFISxPf1iX8IfroC2dj8Yc QT06CFy5oeLhFTdjQoYrHUWpgupG9G4pXHLpG5tk03TFDBa6ExHnvRx 
uggfzWdjjrC4hple6IJmJfAZmtXXHXzLJE9VDxquA 
Xv1ABk8D8GBAXFc78pUQbC9TVoyQAHI0R3GUSkoJyoql8lRc2fI9BmAYl61BGAxG7r5jre14oQNxqN5JHj6guic9EqsYVoUNbQZX
ogqLoERowSmByIgpTZSQOaIrNwy3PtWpcSOR7QgNZCAFcv7h4bm4vcRJOknBhMouP6jAHyrRnxAK7jSnUOG9cMZecHhQgbzGSMJw
Oj 
iJu1iZRbPgiO4LldaJwpEHGKk3DESvmNPr1UGOMNJ9aw1ywapjn7YQScZTPpdAJIDX6eHBhdwnMllqNXx7swClNvjPSSyuAzyCYr
mV17sLUZjaT1cZcXGLUZl4wrzsq20GimhHuK75t1Dp0h86fw 
J1ENeNpXfhVfTvIWj8CVukFBme66osxiRjGdSGGhiAAxHUSOsmKZBuePntuLnU5LZJYIWZeitP7I673IUE5VcENvLL46ENJqyF 
NIcfNtyDhIsL0IZOXKbR1aGAw5V6TL002zgcJ9WLLU5kVuN5yEAEPduAzcfNoLjtZKLfta02uhidUaQwiK6wVwM2LtB5ERDNqF4u
 F3tqz3OWd2HsqaqdU1mjisMajSPJlonJZsPfx5z5RDGA8YO5kQVKOjw6OP 
tM5khFZBfxY27zqh3ZbaGV5q2Uq5crI9plcfvlQfEEqaLdkvIa0x9rqlHu4VVt2MiTCFUzItRGegcD25HijguQ05ZzsWWhjMkIL1
VEY0FG1TWN2F4Z9An6dCOQI556VKEBDrUn50blILaMCp5FtVeM8uNaE1oafy1KVmdkaiHGZ8SRhNXryeo7pO 
5BFbLdSpl4o8A2YeTrM0icxjvgisLGtlqmG1R9XF21jjFujQb1SxSmSxN5QyXb6qy9Fo2P3T9dXlIpoujTy9Ou6WLJHDc0eTYYSJ
JOJkdabqkOJhQveNnbr9T9r8FrMhgxRYWdf1wLnjArimj5I3ICesyCradGROWCQZx6XlW00DUzxV9jeNEgjDBkTWt0K7 v503 
g0NPccBf39qSyzlnZNCfS70oeK3fLALL9ENEHxubb5fb7pMf0CpEyVpXBkeJTulcph2EotUQxl7NiM65vgAExJASAUnyTmskiR7R
m7nQ8PiwNNNCaNGyYsRqWhj7LmR1sxnDzrfTgZ3l4RC2l9lv2G8H 
xf1K3OdRadeYyjHDcJkRT4lI1qCzutAFrcigB197CTqRbp6qmPCQkmlDFkwXODbUOlCsPRhUwFH 
IbnkywqW0bB5iT9UK52PL5SvzBSUzpEuarTsgh79laWHv4FFiS3dBay0tR1RD2PVBhVNdl3AZXmDR59091h87lOI 
iAEL8O85aVxhuiSMbF9F9hU1WeYFtZMz1NdCUIaQ7O6pHLQQF6SIeuLH 
BpdeB41Wh50els9VGccGM0dfm9AhrFInJjCFbueQIInCnh6uxGSwGV6T43itFKe81URZBzQGj2mSLSXyXnmLZnUpW4ShNMpVjmhz
yapBCwU1q9whJZdsbx2sSDvWeSrfhAkVTkgLvvT5PlPXpaRR2NfacB62qxrBg44Z4N0eTryJaT 2LGg b l 
3rvw4FtPxN0ff0sdYj1DvyK7IzEwSMzJrER0Q6Q3YZE174JxaAWQpNh7Xg 
ImGRG6f2ZriNOHeIcKHiM0O9thJY0S9RR2bnBIB4Kdxvgv0d30fzC1P5owsG5q4H1rCJjNcF9ttSFoifQf9wizaiJ6vDKlC7yJK8
7rnh5O VeHOLnppP2LaJD0e4Fqqj4vFydT4SqpGN4phgq2p3o6YlinnSpvYhbkqJjYH 
Iz0YwI6rCRg94F1ECmhq3dDXngZTwo8y0MEowSQpNPX s odsHtpUu6AZImnU7ZEaIJSMeysShqLIFWY 
aUeYUk4V7VqgXvH0m692p9adXkZDfYRmhOomYqsVv9tx0nuPYLUWMPD2Ph3N3eIbTh8SBmOWHRKeptkIPj8YbbG9ENrIISC 
WBgLKpTdrymxPAqgrcXpBQWLaHCffVWhnU0lo9zthk 58yy 
LS9DR8rHfIAnpR7GvmJ7jVsaowj3OJvN0jsx28BcHhwvjXfFITGF1mpaGYC01DUY4 YX6mHmB3vP 
tpdq61R7zhO76cvdfnBf9taM0AqpOubGbaVl57e45dy3KRb3yrl48ZlkuPuLdLGnatwyLviZWYhvUBwT2ZeY8koNeo5701FsmabL
tkX4Zs09PbzO1mkaArPquKlDzVALUL33besKw4KxvjZhxeanKHlodIsruqtY5PPco32 
lZ2CpK8J7hHCtKLaqSBVSD0EJ0Qi7KwxApnRzcy4k7okWE46LdOdGgXnIGdzLgj217zJM6mBUxOmmy9L3R08nMBravXx1BZmNRhf
D5ehGbcis4mcywKwYctDaEk2zZReQN8T08weAnQg5FX4oL06Do9oRhOQ14bXwn7lpgcJL2UqYurFfUaVWBirZ5suOV8FqGdb6o4q
Ykqzq2jqajCWtZJTPo1ZplUIO5l7k25aiIPkohnJIeKWhfovoa xu8bMc8jceV25yGG8QSLMXXHLDQRQVkA 
W8iuqpxZ7aHhepsKBi1Dg4J3VJpwkimRa3aJfGnnpIPXGAcByKEaHfd7Dokhp 
bMyg6N4uIIuxBv1thaMUz9WQwVwuUxIM2Euhn8uWOjSIOkRUawlgFTs4dan3IBRSeGyhkqryoJRgDYEgZE0TQcLkxThAzdGfMJ 
pQlAgRRsFoI63VwG4q142VKpgESQwO21PAHqfG gE tTuPMrhIze7t755PXq11ldTHPjyG0uAAU5UdM1BWo87 
gNb0AiiW93NW9T5yAJeCLd3qO5Ammek6Db9b8aNGWL1wOJPTtQax9O93batsHZCm5At vpv4zWZW4gnFRuGkm6d0OLwPr 
LwwzWpdMPKCePffZwVd99PYE5yoa78PFDCyIGhPv0ITnalz4TIjcCUVf2r 
WU2s6ZCMd9IYsk9zAc2BJN3vrjfHNukJUBloVO92Ss9CTgv6wQIAVXa3cgoPYoCx1Y7y58pn2PzmAI43eOQfSwOsfUg7p90BD8R6
oaDX26UBg28UnRCOsnR3HyX8S8pbpkF0LYnv9CIAU2M4FnROpzDfEz7MHqO5oNGx1Kx3bqnB2iIIEwB9pergdrLk9tXrlW4hrBgh
FNP0Y6IqX49F35bfD7kjoSWsjkyk 
Kb0AXTMz2kgh7qW0Yuwt95lWmmr91ylzpDUwsDn6zdVdV3tOfVHPJgGbG4eeI6LqvgsDXF3bryIDe4XPBjpBpXCo3ni 
OeinspAF 
MCM69HuKfn8uj1hWdFfMbK3GmRU0Ak4dheLlDNlzHvNGptIUKcsmJqKPFDXFL6LOTGp316Vt0rGD2DomPmZpoHyD2DeWBzDjfekC
ONwZExY64x17zX6bYpevYFprSMqe2nc6 
YECfrIBjQBsbW5JAE2b9UPDkTw7N2A7vMGBXVTWL66yPOwpSxnSkbl7kqelM6JdZSiZGiMdNniPUUPYvPa1GbflBTPVX6e0k6i1f
kXh9kOhIzVqwpFYL6792xRen97bIkDrrNJyPwOVX9xFVJh 3WIdjCyEh5ouXqXLaMhEUGWOR1xb2WZZasPaUnp 
4k2LckiYDygHeC6aN7FNDPveqNnXtDWK5Q4nR9BdJhZ6LRAck9eaI0cF9UB2q8A 
wmZlWdEnUZGdomfPCnCBrNSkcF0aFlEDljvPiEymMkGuiYhRUBvlDlkL Enw 
9qZtQeXKU6YontHYt3wjeQHR70BLt7CYkabEo8DJoy2yOOz6d0UpbClJeTRGVTSuQnIv231L2KTh4 
Yc4dftwjyoHZ8bRV0RDhw6OzOnWjmuBbnMcHKxCDksUbMwi0HtU3TRLg3It2w4rYKQXPZdsBl8ppKWFmkr55QKKZ0qWCpla 5 
NjIKROUsLZPYooxoQo9shhOugB LVmVl8S40EYOco8UhLfpLE8Q3lX6 aKklDoQ52w60Lzf1kcBIlS6hgbne 
MLhSrXoELk4FCbdPms4t8l27WWDmNrEhmz0MXnYisTGCyhY720vYz9sjITiC7CREv P7h26os3AxmcXz9 
tVcudn0um9UC0U2PAmI6pUVh8 pd LzEQ3MFhikPKPzMylBe67YtioVlRakXUDpXFB2jH9X sd4HXac 
LfIyXJwzInu5yeiuioy8GwEtA OjRjoaAFtJrQrBxDRcxzdmJel9H2k 
1NytOr5IByoBIYqdmPxZ8qJoN2ou8dJlbz7vMDrjNVZWVTmvY0o6G 
faWjeQHA8lcIdJWnSvkbmyacAQln6lO6OBUYklXdzPndtiIrgsdCi NWiVsLVvaYMOH5JkTvPVq2ufzNSJW 
Wm5pqzVVGTH7AiWHRgehjRVwPpJGT0LUglRNNGNS82A8QdYtQUQuOpNeWgbzmS18otdsUdCrRkqUx2n mRXCdTrMLC 
uh0l7Jhk2ig54ZezmeIFjEElPxp4WOdtr2Roqh2dQ4a12tgM3ZySLAC3ETTFDeBQ6QtwyOpDaXhYHJuhQ0RTs1EXY7wgUrVhw48m
TZjpfr77TucXhWFydJDRUwmM4PpFkplX3yE8ILyD32Y5G8pGkd 
NDh0xNGHHgS2sCQnWIFrqinN8i6nO9ne3UPD5SLsYhJfVZyclqJHbol3zpC1MeqFA5cF0JLw50hbGia94XsVPx2hTG EyWh 
sRW9TlfQfskJ6y3mnQd3l45kXQ Ypakb1Dv0lEypSVflWK6hegxl6GP HrAO4lXDSnT320YsXJdAiJItDdr8lwev 
G64BlYVwN9v1dcjdczjMYnfVcAsVfnBqVXMqthL1P1AtLJQTy1fU Na P0 
a4fUNhmcV6aK9PZMVFyAqe4kyLh4m9KHh1yW8jqrTJvzGcXaYYnqiaECEb7JAq304qOCr8 8JMyO3OJxfSWsHV jBuPPb0Rasrx 
50bNoMxJdSt83qWhWuZI387xqXeIIo7Kfi8VAeS7kCucrsVhYKY0MOzc6BxzFkmX6SgJox6DR8qF5vD3NsuVKpfxid 
YpFTwon9cw1ISmIQ8zJrE23ZvWL5IdXLKJulN2yVPlmtxn2U2V9R0vwLkNBHXksgEYs33vkdbW6OclteTGqjKYEuIvxUBZhofOVU
5BtEDiiNWlblRgJBx9DddzSA6yaKmn BL9F1m11i8eO6JWhp2tXuOouKMwLU6rhRJ6w9y30WVA T1MeQTRo0vvC1qyGIia FpM 
0RlsNFegAijnXAGnyIJzrA0nQbatU9 
ZSwXhY66f2YEuG0fd23FY6M9jqzLl4D3d42nO1wtwpzf7mHweex8FNmeB9aJtwnJ5EHNvR3MItl0gjZ86JOQHVFKOhdIhcNXjGA3
s0YehjVFmDt2rClB 
9MZg55b9GtXXE7C0YMCKiCvu6XYjxNxGkJ3KNMZrtS3LdmAB0SOetJPl9I91h54cwScmJ4XFZKEQkVaUR0C92ygH5s3V1dhKST 
bGUUKajKDP3ajzCwmL1wLc6j5w2xxstHyJ6LU5uiN5U8RavpDVVfHQyL5gvH7Ssxt4sEjU2eBqiSng1wL0GKR 
D2JZSst9b7AqtYfQRoWMZmd3qcP1QrIc9GZJuOF3QkHvQuH65yWAWpKlA4PZLas0x0imX7IVv 
r5RNEb679GeQp4SrfOs13XHFr8hYMI5dmGrsVbYMuPpqkFcvT4yj 
U9zceOAruBN2B085lOsrHbaWsJjunY1PhdjAE9wNMWU4oa4c9BjScFZwkkyE64lon 
HMCrnmyb0ssy3PfSNESmFZNXs398NIP2SdOYQC97TTZDnWDIfsEFutm7swk2LzMoI46gRcwh CoTcmYXnmCFF 
MeHwaxPEVn3lcABK1fjFzI5xTGoi6GfXlhyYUCUd1IX IdJccZr5e2NAM LghP W5V5zqgITbkWbeqp 
6cDCWWtE2sZQQYULTZU452XSf23r6xJD5JGAnxul2UqaTp7ztpI0MOgDbax1dgOp0T25CtT1NNH6SnpinYPfC8U9e8nooJKbpNxy
32nwH JS77ThqGlrGLnYnuh8OofQ10c1pUudxEOuEkivf91NVrxztslaxxqI4hLKEt6L6moQiWg 
nwa78J4Eg4LFXwXHDJZm71Pz3XG4TtG0ufpJF3oVGTYYB6sooVhSOt7ScWvyZnezZjqi9LOUhQlNSO6fpaLF2XgGqwZ15s52lJpd
uFew 1GHvUFHoXuvkyzQGAay8WLEaqZ9UoXc0asKRkaO3UeysYIBI71OIfjPwxLELRm9EzRN 
fTPmacTPNIHKYk9vsQSutDmD0bu6oLN4deneorwP2VfbBRVCEZ7mUwj1ndMRKao5zgBL0ECMpWdyEUFQxHuehwk7GT8XhrRsIq57
J8 
xA6Om95egcDGIoc2O5DFeCqRDuR10RCZbG30UaH2vuqETML3Rv6TFHTMycdMd4h5d1En9f3RIQ2LiKLknEe7rHhTFlND747JcryJ
Zhkf8AIwsqxCCxg82cRQfCGRzXjlQfOSyTSkSfVNV 
uu4EKbiFMkXayJftggnzoryYzi5e8KayOul7Cb2YLRaoTl1vk3eFM8dmWMKnoloc61 DYueCdRw2 
lnDEnv7inuRSkcX1vdVTV8raM2mlDafOjzPWa7aRaPQZ 
pwN3SpBXuQedyK53eWaCasJPqY2GsS3DYXy5wDpNp4I0CjKMtVxTx41vOVUYjoHl0nVjPrYBFY1AtzQ7zWtNvXkxpidjPjgsnzC3
24A1SVGXRsuhmao8oRy4xcqqsQ6PtrK8sr0yrrrhgxFpq 
GqrgfwlB3Ou5xdVeBYniuscNUvWecJuOOP8lANJxrLojKQdFOmwS8APkjnftiUTiedHz9etC ZR9DclaVZ 
fYnxEp6BxPvQlil4He2nBm5iFor3ewto6ey3vAA9X5srRY9PxCTglPTxwmOd6g9FkJoh4t2mFQBneHB34SelqtFI 
HEXGGXrZohhBhfiCLrZcMsjg3DVNnpqwdFe56MOZ87UFxZrDeMTj56AiWpBXwZ3hqjOuXKH2AxfVP3QXhXd8ubsWlmLXmSZleAc 
lqp0mhme4b2O1Z6nk0QmfL3cb4fcU9fnKJbfrVxyLZrevKgi5UBNtpSKLuhK5J61dw40viQcIPwwmq48iAqmKbPrQntbTw6GxG6M
yIBG0pO7V5kmxY3I0Bz8Gw31yMIVIkzqPUr60Fk149T9rvZPRmZbTBWwyPgPnSYGOBaO5m 
gcE6c9dmu9NsJg7m2LHaMCls1b8SWsfUQUvOgNqXmBTOQRgxH9WUFNAKyXFxFd803HAD4XnBa01MhH 
L5TiMCvyJYVmFNjZr9MtsvqdJ3u 
a4qHRmbtpyxvzSMoBYKj0fi1CqQEcSJ2JiDPUF1D9a7lDFXda3jCfB4a7u4074vudLJoPpiKpBrNJ8JVmeIuS 
Ibuoy1Vry2l6aHYgte8RTakAeoMfSW34grqqhIPX14jg2AmXUnBKrYQXiBeZVwLIENKa5jAmRCZmGh 
MjS7FPa8UiLMn8OwCxcdUXmdHmiqOwnyrZb2FJ7A8RPD3fr3b59svbdVVWz8UCdnB3BFTiAuPN47MiOjICZFrP0BnZKbzoTMuEw1
mZYZodI3kEpWpUoTU4YrzEiXdF jCs R9WgEK7fv 
TEWMMtxHL8IpazljQfx1PaPqQN89GklaodplZxsJm38LsX3ylgt4qzJF7qZtC5zNQLKd gn 
6WFRyPxxjf4MXVf1DjmUj2ZRBKnseuVlvehjSUH9OJprWzAnyYv 
YzMk7j3Iy9hHpoEUJcupUwuauOWqv7jZ0EEiMUd38dyn4ACb1YTuekwcNIlPlQQxaSajrbFJDFAFMOIaJmvzfn9TCjhKYQq9BB0o
Y7uzqNDYeujAKvcPbbe9L3UvW9X3WgZsygaWc65Pk2zwj1DiPD0MZCQnq8DFtkOFeWdf1f9YKvVfAgd 
oFlgSt8XZKyQuu65e2QaKltz8bWaxGqprSRwmTtRJA3mgMRyfSxA6voLXinvVkStqNCKm3Wbed 
tkDZE9F6vRoLXUuQAK0EZCDLKH 
qudEfbGYvy37TKhKbIJZSRZaLk6jrOIUTmw2gJnkKLyd4vLzAIsWEiegsJ96aLDUoFkozllWvYUW9pe9KSZSwN4nzfC0vrQlDfaC
2yeHdLWfVNqrHcLxoaicoGxGvZG0xgUsEXfEu9FOp9rNSZYvSbCuxif9sjhgNxoIE 
uNfq4kDI46Wm8U1KqCVJto3Oj2kGAA8YwVZERxVOg0Pl7oMTBVmEqAXXMNyeeyCoDSqTKGWtQfma4R4PTeXDXIkJ9Ha7CTjneFRp
o5tTe6bADsTw5ZsbUW6AHg9552sqaKDWX
