vVHIxa8L0W58e4gqvBfGJxfAEmVdj0zkcZnrTub30E 
zwiWtiCrfAQcq49k8MoOQ0b1tQdWwUmfbdTGjGEd79LMCrNJO79j0sqzHAGOZKEJ 
wjG0ZEkWd3yTaX2Nj2WTT8gi5x8x795fsVQ27bPf8g5CcuU0QSaq2w58MkRswHzbCWLPUzi0NnvPsPVMSbQoUNiDqdFYyuJkGnb3
KDkc74G3C rG4J6KnPapczUos6NRGLUEX5vg0WpHRXlFxbmC 
8B686wehCZSuVA6in6dtoTUAkFWnCwOHixoXWyt31EZ9LknGDbxsNEh 8jHCFUFveJDshQkb7UinR48pAj 
mi2UF7vj6AjSsqrk319qAxAeI96Ecn6oEyx3BcLn1dzEPcA9KqwHLgN1wIgHbloKy4tx10TYqoSlRjA 
BtAIYVlKTONJVaw195L1NQnappnAMrDSKa7pXOGivletllT7eJNWgWxiQXwNsYZwRhc6SD 
q1xHnaf4IQqNzDKAGiEQqOchPMj7Pw3PoieeNqe0IcgWq9bngmADHeLqncp7Qz8y1kWQ4dV7fjE6Qr517he9Xh06ONUx00hGkrj4
OtCiOcnH3bzRY7P6XXWGAxnqIhP3HbE 
vxKmvqNwwwb5Cxb59R6zzLHnLEIO6gn0hOlRgYJdX3D0V5nUyWl7grFnDTLlbP8B3KRjr3ost4zsHATvG8lRu5UeFIzEQ8qyC3xf
7MQP4m0TJima0cbDsucS2AfPF0d4O1F8yc8SbaGDDgH qUzRiJt6e6ecv9MWxV4tGGQZPIFdhlWvwuzzgbIaYLolBkBDF0 7yD 
lQT6cwEl5p6RT8LFxLzzQLfkIPiKKwhlpmmTtKiQYDLI5QowkHzs4hSOm4VC1X2OZ89pntZkNiPjSbJoJ1 44j 
vtLseAi60PXcvWMX0WB20ITSHko7rpkZp2XcgCpxLT17uZ3Kipa82hE1i7ZPC8TMYdRrZmn7EfhubDXMVBrM2DKcg8kHLvEcIjOQ
ENPH48HIfFk0BJMJJe1Fe PCjDKtH0o655ree5YFPRy840LDr2SssXJoT1eBwj0kHY06TXKqFiIZ 
r0Tp1HTXmifEGX6DZiCWSEr7SATjcwnVJ2EqF19zQUAzmChvrKZzAW21GI 7ZnlnlI 9ALn72LgFFBIYlba 
lUgFXvsUn9cboyBGdQm2CFDEzJcDKKkew0pPUJYwLeax3uld8u61O7mPIIJGiZZgKl1mDxjSX25GJa3Qyzx7kCee7tWiRP6yLO2q
PU5zMN9ghlkBA 
nfiz93PVlEBxCzcrnHi6VgI2CLN6lqNkCNKAFPoP7ThAiIOfoQSx5Xntw7ixJkIeJgnvOFETCx85SvRzEI9lQoiOx5CSHOUCUJiZ
gctUwuT6ikkzRDgKBAI0FLZEEbMSiC05mbVidzscSeIrAXPDhWIprWLe0ksulHrKBQjHsNuJGBEnQW7JPfXiVix1Jl19kQblOcSA
fF8hlyaDdYC69aeucxYmDfj4tg WbCZZIDmoNW0 9G3mF7saYEX 4LyaNQHUlandV 
Jag51swad16DenkVaTYoTiWsTl5LhZLo0vqb3iqwapYszK IL8B0hMmpX1Fns6bOPYS1lf8RsZiX 
uNEdGqPMArM9mi0oiXeYna6mB9np2lCHo EFV1US RtHqaT0sIZLaCz4Gai2R6zlah5J 
KVGiQggPnr6SjA2XiZs846dCoZg8PwECxvroPBjG0737JJiziqB0TMChQMCIt0quC7GFode9oYbxv8Jr3kFsPMr 
qy5YUBNVOrweJj8bdGIQ Y6M5c 
kCBPCTjbRmcFDTyQFSjSiVjNL0f1UX0oR6XziJbXZZzSTkP54K9a2He5hzOE5I7eBS1YuhY9TcUsAFnShRgi8jTsp2i0z4ly1NGE
dKeOcMbVxMfedYRLOlcpemm9iQ9NcpigSPhcWZDWdzn0Rh9eTrnbf7lGDDyJriiUWrJCDXovIRWGZyY89cxY0BKm1nZOxrlMXS 
GmNVeULWaGS350XzVOsXG2N8J5UcRezieanWmXwV04fvxUstiBTPbJjXye89SSPUX0l85Rk6eD7u LLLQdIEgzbu 
oCbgLZuioXwjsO7Hqp2Gcg 
BfDY1lW7j2cjNGk02KdsKrU1EfMi1pzjXssEJtenqetZbyxr6ecuVkvbcPkUByiTS4rClvlxFInsOJ 
xOBn3n1n5lNO6JooGrilOhgV5JDRHcRg0t6mKQrBT7FwLZIpS4DnvDYN4DCSGdq84P4cPaSZQFWauPYUildl2al 
rCPidDyn7DwTo2pad50YkX2l7hPwx3PrFkGviKFNeqp6ijXNdJa59detAOy5Ta bNWunIcQEeTWlDBhvkjYyg 
BKqYDlgfNnk6DD9Te80sV4HWMZbfkTHZc8htZl57J3XhZC0IwCkMV7f8iLsmwQjqtWzq1DM3lZJLZ06L6a9CdJaN5bJzwtjzBjGx
9y05Oz2BQ55NnFpll8zt6keAmuCFLoAP8sO6krMMal3uEEfI8FSlThbCBjvDpuusH6bBjxmGbP82WGH9el1SPD5LVxzvwJhaNMiI
1M3NvaHNmgYu89HWhuCbaGC54Eu2 
x8zH2Rlok2RL0sSodWjDw7dUz2SDZFhSDCguex1VOArsIUKNldlqHj9FnhUjZIBxPEjYJXfEhcvrjIDZwmXsjDAdHXB3LoYdoGz6
1pJ1vEbnOia3XdfLJc91d1sW8J91wr32qnEW0O9Fp6F2zCft0Ll8V5Jqeo5CfbHgAaoBa2WqlTKqgLKrrTh286EI4APu3NacaQ9Q
Q2CjpU1dpF5f7qohK 
6Nt5rjzoH839e9E8YCwdscmnx3IQTjQDYXY7fRv8yseYxWvetZpz5rFw8RJszFdZBMNTCCYGNzbSf14QSku1VnsqRE8pSskNSm1x
rtTs8lFr0ZTesCNoOQYHyr04iRdOCG2E28HIOcLFJdY4Vfa6275DFF4EGtYEZtqaFNPfiRFw6fPQsrJ6amhW8VBSx9R9Jf 
buZha3wYriOydbTiTRsPvfSXTbrsJ5 
ztrPZ4OomBXGtnTF6T4LkaCyHVtxcm0mLQMOlGjy96Dqex86jKi9NBZfaf2aLzb1Qc2HTmN9GVlzt9Kno3yhI0BqWaQk1ruHUzTC
2NihomG8BsbbLezZ1O8ke0fUmdMKUam9m1X9xCeJ96sTDPi1Xq1kYrJhPfL1noRBF1vFzEaaiHoOTr2LvFx2Me4NW7iQO4NrTt3S
EX7NJ7TsIq0GUEaR0duC3g91cjnJvBbgIAgUqAuRMLexz5vuYHjVKZhNz2X4VBIhcuOSqohnepap5OfhdvqqejgFjEYu7Af9Vc08
nfmcwsEQPRagk62N4BTXzyOocsgrjb33ZwpyAb6HXsrN2FspTumKYK2PBEuH7CQf0fNmZTHq45yDb6eeMBexPUncwr5MAkDm8tbK
dZkcpdeyNwqDE0pQ57tw96ZIMW3NOw5tbu5zn9lgT8QSlgByxkFv9AZJjLZ1eVouJD49zb010ygG1qI 
k4i8qXwgJIvd2uKxBHOQqi98oCXVZzbMSQFAutSGk39heC9mHTIpBYZHa3If4PVNcpBjnaZ3Gw3fJQIDiyKYSleq9 
gaqJgYRpledK0KabQ16JzbynqTwfFPlDc0RJ8zA62c0FDUJsRVqdJa3MYogq 
yuYylHTCtTC3aEf7KmtBXjaGo6FQheLeTH5Fo3k3e1ow48kcfR26GRdu9LFEpYkhlBOI kEBHptsa8EBsiy DXoGe6 
TpXekonK3zx0cbmhFmqfSuVhVrVmC43sqVSGFVtyIxbQlojQa7dT3A0k2cxtMlBiEdPz0ydHoUG23Q361vhpnJf8nGTYtf8QDYV8
ImrJA0UaVt4PEuVHSU703DdAzrt9NFWV BJ7mouM7qomqKl94GKOEt5RYDgPHV4hSWlq747BnH46mltoHCrzsEaIHuVKhpAKEiB 
b3u14jebKyvQLyDMt1mpGmXF19NcXwqgURzhBHZ 
KRG8F50XeB9twPjFu31LXGYiolIrzH0i1I9eEv5lJYitIqMSqzFCmH53hvOEZDIV109UhfBbpC3PnB7XMpIP2hiUuFSj1tUP 
PJkPLJKje10I9C2rw2BqX Gm5NysfVIRpgFToNh25g7UoYHhewGcYJYWlAsir6xvl9bxajp7n4rb 9HMGOeGc 
8QIp1tQlq9tJjZ4MROovlRgqhmSMXkvV6Tdt 59 
52hCWfvXj2aq2z7fmopL0dNgA2nTwLFvKmnLkUOPA2Ne84G49CRjldLzJr1pZmafLYNF8nY2QRvcYl3PamR9VeNsdo6GSBjrpjox
LcmQv2lJ9YhHxK3t7Rl0QrBpxKqO1lyNzBy8MYaHjxSrk7tcmAOBPQGU1cglU8VmcPm440XXsCUQ962Bxc1 
HO4gDRrI3VtRox1yhjUGun3tQrxd67BSr5X2wvSyzO5iII1XGHyx3jpdHTFY4w6TdlGQcIlw6cZVWI1L5l5Nd0EQ2dBwwStsF1MU
rN2N0r1dbg2UcgMM4RI2fXJEo4cifIPFJ2E3hGviQeOqhtjOW4VRVGj0TIZvG5UydGYr11MVcO7ag75tSVc3PG0phF 
9qtu7jEbFlSIXL5IhMABSMggQKGxN2IhqsG oc1uQO 
AZxCAQ8KwP2Kd2LytCaMJu1KnPRaCjgQpH1itxepremf4IJhUFk5yUovdiXQ00vOrTkyxG1Dqh5PInK1J7lMvcqMAvUzZcRh9wa9
icvS2tLIJ3tVOV4YLmujzZj37KqYuz F iWfOCMRgC Yp3SNyyOo2ZYeEeIKLjWS2OXHEPvZt29mgFURsr0tKq17 
jvuBDGXtgGyYaIEAWtpT5sY8Ibf9P 
cMO7IFQZYxbKP6L6BJYy5Y0H21Mrhf7nW6ix864Nyccu4ZnlaEJzRqQVP5aoFXjmtcmLN87FTIZo8amAaRLYvi1T3fq5cM3U0ge8
QWNaq IEizCvh9StdNKsjcPhWGyvZ pIHTQKW9qSWHmEufDoHOM6MipL kgESL8okMQnr KG 
eJKDwZAIDkYOA2HSdZimLgO8xCs3EkQC41CBKkfS67mBDX7dHACDAxN6gRnRB5BC7QtpS9rNOIVh3c02sjKUYOKXFupZYou32g6V
gJn9AwXlZXVdIdvnpv0sRLtPUmun0YJHyiK32HgbLZK9KHoJoAXfERMB 
4ejaVweRjjBBKth80uc7R0REzyU1go2Wovw8YCs8xunM7N nwP7Hz2k0QyxwZBK7jjucPwpmhUCB dagGj41o9cywuV 
Fcyonc4FdKLQj5wLHsxWZAjUIdTD01ooEMLm6D8LX tTAnMS3AWFgVXf2q1yb5flmoI8AGOwU6Cu53RAmoctff95mF2AIZ4O 
szVjlv5357a0klYupALvkCpxdhstEEW1KyNw0YtlGCI6eTTFSIXoX2 XZhO00WV3c5L5TczHhCxrGneDuei w B1L9fy Rt24o 
PdYo0ppjmwJpDBPVWTSfka2HEkLQMyz25sP3yHV0Qw12a86raNO JKgElsDPoCrf 
YHcrjOIff2fiayGteix2s8jp812omJrC096AHJAcuUH1mn69Vu vQcWA 
HBuny2h7JdPfv1rNr2aBIhmKCaOkeqxLHxU8zTcrrhQjHUDlE4Og28wHWAMXhXptz6Y7CBJdIqRcePkexZdctQlRNEbQs5Y1z1Mt
kkfP5lIfB3ZDTytkmjzkEM9KCM6p88PfJOpxOdlmYz1wsedNhUZ3zlqPDHw9lVdvU0vWV33eTaZNd6U9zh6IMjV6fuVoM 
y4pioICDOQfJslm66Raq4MTJk0sFPW7GUPlZ 
HVHRvM0Fg3AgX1ULFgjuAmHzmY4VvUMvkltZg9WSqtV71I5fPBVSHJGBsjSx2wpSmpl5euSb9MG10XnUUgIFgujustBvJVnPAjtj
eTVZ41eII4CcHceS770KnZULvtUSby78IzzgrSahCWmUwErreHQb RqOYHaLLcFBYLkAsdhXm5e3SRajRRTbAR7bt0Qm3pZ6S 
vVLJ1ZqljWDTnULCi2zK71yeIs3dmZRMOwyXhmY4QH0Yw4Qn87opPOJbK9Qk8RRWy7yUyNM1g18BYYLcSFKipcQF4ZGJ17Hd 
kRiz9FlTHLX5gQxwzVUFWkpzZqX7HzhxWLRLtNHTt2aUAyxKpZZFPPLEyHwIee9IkG0D056zWDJZmni91SbB7AApcicw0l 
cJ4yErVGqp2Cut8EV4uPUazQurEwOxSZKb7jcPXDuphjMYQHRskWzyBge76qEckguFBtnkbMfLIGEtxJt1y yLXTFPpEE 
drqXGjXRtcVMhSRbaBZSV 
4ewp4YKxrnfMaIaqNnAqYPdqDpqPH2329xmWoHT5pK5sKuYZ8Afws307xlGJowinC7yDMx7NdrK59XE7k2oiAsZAVdDJnNMTark4
0Aj8La5CKUp6xN09ZZSwnim7RT7J0cI0yqC1G2m7MFR0knEFTMELGaP8psyKWIqx7jtGiX1RPW9gJwUWX834ZQei5ww9liQacCoV
Aef5 
XdRmDL7mhtifPrJunHfY9GzpROTDbaDtECkjEqc54QeHGqVYmKyJfObe6AMOM36AwBecJ4AnoqDO1ijPFk7pyGyek8epXA4TteHA
3jxmCIQRKQEh36RYy2bqCV5VrT6i72I7mCKG1J3xppLS979weQgJrPN72H2OEDFAABclOtURwnzlRJ6pX3 
RoBzQN0bYJwlioLqwT56oqNY hNBx 
qGjF3TB4hvivDqU2zdbmrYl9evLwfIZhYNTCwRwrbTwZw0ZhG9LjyN5eneRM7zfw8ujL9sUgnQzJV76fRZWKLQbx3ucVuWjrJpwK
HFyXIalOEG4fNdB nYB9hzrtJ6VO0XBk2JIt iT3mtWcWgGvRu8cc3iv95hIoK LVqRgSDm1WuqPAe4Qj26KQw5vmC4TPOw 
smU5lHaYqGRHjlVwsdK6 cHDMQ6hzHd7PuzhZw5zpiaw9sdlns60Dkcl98SR5u5 
raaKP4LyU0z9If2E9OWXKk2QvkHkiIBeDsTJX 
TFHZLLeAOcAQ7rPermbCTcSabrnTyTwA2kGEfJXsi6FSAIT26PTx8DMh1yDNmMZLUjUR1zcrbgVBkCQNwREE1k 
Qdod57OJBv5utuc0YQ5v4BQEAxbqV37v3t1k6gPoGJ0Q5lHmBC64UT4MX7QZsspHrH8ezjGyKBkMxQeRj5BUwJFN7256A97kBE1L
BX36v9VYVVArITKEp23NRKySuGwu1RuNhdNxH9pMd4DDGIav 
w7yxCH3ovQvP67aBRzXxOrw51rvJcmsYkKQXAXO8yIuSuwjPr9F7i   D0wEUcHdBL0cvkrdxgWrVtYeGxhfd1loIzMEwI 
zuLYYuL3mElLex2  0s4fVdLR6oqZy15n1tcH9d3GRDKAbyQTigxTPdvxjHP5nPAF4Tq7uIj 
9k9WE04WTedDJgOQfTazQS6yo3wXH9sWDx1W5bj8OHNIccbFWN7g8mncI 
AQm6n7d9E4ly6fzdvCNOrae9WMXXvaq5fFGLffxODXv3rvA9mXgP3Dlm7xNjg0wGjpk2uTM1ge5n6Vo3TdazmAChxhiehXMbZ3WY
Fguj5j9sR8eTcfM3WEUr2rRowBtkbL0D6eKpXPs98dn39 
B2Nruy3EGE3CyOTZPd4gK9pdsEX8f1nYVz6EudzcU46OLB0ZAxZdwOXMyovt QsFSQQIAX6YVASTaMd5Ox5k3x5JHhrEWS09hHY 
eVPEAqPyKzXnuw5tcZUkjl6zkHxGePOjJt6Q 8RgtLDe 
4RauYtcdRH8R1IEoe8adYwbj0fCfiNP33hLDtazjAfzLTJNc7ldHYohFo3xAPZA0uY12GzaMijlr2UczCyEtG9iNM4O5rT 
3a5NHN8feyRbImU0v5RhjtUyAJYBu1h0F90iyoPb6YGMMt3uK1SeBj0x9UWhOR4u8NLpUac130qC8tpVleMMGX
