auth  :emerg : [    0.000000] LOG_EMERG LOG_AUTH
authpriv:emerg : [ 1000.000000] LOG_EMERG LOG_AUTHPRIV
cron  :emerg : [ 2000.000000] LOG_EMERG LOG_CRON
daemon:emerg : [ 3000.000000] LOG_EMERG LOG_DAEMON
ftp   :emerg : [ 4000.000000] LOG_EMERG LOG_FTP
kern  :emerg : [ 5000.000000] LOG_EMERG LOG_KERN
local0:emerg : [ 6000.000000] LOG_EMERG LOG_LOCAL0
local1:emerg : [ 7000.000000] LOG_EMERG LOG_LOCAL1
local2:emerg : [ 8000.000000] LOG_EMERG LOG_LOCAL2
local3:emerg : [ 9000.000000] LOG_EMERG LOG_LOCAL3
local4:emerg : [10000.000000] LOG_EMERG LOG_LOCAL4
local5:emerg : [11000.000000] LOG_EMERG LOG_LOCAL5
local6:emerg : [12000.000000] LOG_EMERG LOG_LOCAL6
local7:emerg : [13000.000000] LOG_EMERG LOG_LOCAL7
lpr   :emerg : [14000.000000] LOG_EMERG LOG_LPR
mail  :emerg : [15000.000000] LOG_EMERG LOG_MAIL
news  :emerg : [16000.000000] LOG_EMERG LOG_NEWS
syslog:emerg : [17000.000000] LOG_EMERG LOG_SYSLOG
user  :emerg : [18000.000000] LOG_EMERG LOG_USER
uucp  :emerg : [19000.000000] LOG_EMERG LOG_UUCP
auth  :alert : [20000.000000] LOG_ALERT LOG_AUTH
authpriv:alert : [21000.000000] LOG_ALERT LOG_AUTHPRIV
cron  :alert : [22000.000000] LOG_ALERT LOG_CRON
daemon:alert : [23000.000000] LOG_ALERT LOG_DAEMON
ftp   :alert : [24000.000000] LOG_ALERT LOG_FTP
kern  :alert : [25000.000000] LOG_ALERT LOG_KERN
local0:alert : [26000.000000] LOG_ALERT LOG_LOCAL0
local1:alert : [27000.000000] LOG_ALERT LOG_LOCAL1
local2:alert : [28000.000000] LOG_ALERT LOG_LOCAL2
local3:alert : [29000.000000] LOG_ALERT LOG_LOCAL3
local4:alert : [30000.000000] LOG_ALERT LOG_LOCAL4
local5:alert : [31000.000000] LOG_ALERT LOG_LOCAL5
local6:alert : [32000.000000] LOG_ALERT LOG_LOCAL6
local7:alert : [33000.000000] LOG_ALERT LOG_LOCAL7
lpr   :alert : [34000.000000] LOG_ALERT LOG_LPR
mail  :alert : [35000.000000] LOG_ALERT LOG_MAIL
news  :alert : [36000.000000] LOG_ALERT LOG_NEWS
syslog:alert : [37000.000000] LOG_ALERT LOG_SYSLOG
user  :alert : [38000.000000] LOG_ALERT LOG_USER
uucp  :alert : [39000.000000] LOG_ALERT LOG_UUCP
auth  :crit  : [40000.000000] LOG_CRIT LOG_AUTH
authpriv:crit  : [41000.000000] LOG_CRIT LOG_AUTHPRIV
cron  :crit  : [42000.000000] LOG_CRIT LOG_CRON
daemon:crit  : [43000.000000] LOG_CRIT LOG_DAEMON
ftp   :crit  : [44000.000000] LOG_CRIT LOG_FTP
kern  :crit  : [45000.000000] LOG_CRIT LOG_KERN
local0:crit  : [46000.000000] LOG_CRIT LOG_LOCAL0
local1:crit  : [47000.000000] LOG_CRIT LOG_LOCAL1
local2:crit  : [48000.000000] LOG_CRIT LOG_LOCAL2
local3:crit  : [49000.000000] LOG_CRIT LOG_LOCAL3
local4:crit  : [50000.000000] LOG_CRIT LOG_LOCAL4
local5:crit  : [51000.000000] LOG_CRIT LOG_LOCAL5
local6:crit  : [52000.000000] LOG_CRIT LOG_LOCAL6
local7:crit  : [53000.000000] LOG_CRIT LOG_LOCAL7
lpr   :crit  : [54000.000000] LOG_CRIT LOG_LPR
mail  :crit  : [55000.000000] LOG_CRIT LOG_MAIL
news  :crit  : [56000.000000] LOG_CRIT LOG_NEWS
syslog:crit  : [57000.000000] LOG_CRIT LOG_SYSLOG
user  :crit  : [58000.000000] LOG_CRIT LOG_USER
uucp  :crit  : [59000.000000] LOG_CRIT LOG_UUCP
auth  :err   : [60000.000000] LOG_ERR LOG_AUTH
authpriv:err   : [61000.000000] LOG_ERR LOG_AUTHPRIV
cron  :err   : [62000.000000] LOG_ERR LOG_CRON
daemon:err   : [63000.000000] LOG_ERR LOG_DAEMON
ftp   :err   : [64000.000000] LOG_ERR LOG_FTP
kern  :err   : [65000.000000] LOG_ERR LOG_KERN
local0:err   : [66000.000000] LOG_ERR LOG_LOCAL0
local1:err   : [67000.000000] LOG_ERR LOG_LOCAL1
local2:err   : [68000.000000] LOG_ERR LOG_LOCAL2
local3:err   : [69000.000000] LOG_ERR LOG_LOCAL3
local4:err   : [70000.000000] LOG_ERR LOG_LOCAL4
local5:err   : [71000.000000] LOG_ERR LOG_LOCAL5
local6:err   : [72000.000000] LOG_ERR LOG_LOCAL6
local7:err   : [73000.000000] LOG_ERR LOG_LOCAL7
lpr   :err   : [74000.000000] LOG_ERR LOG_LPR
mail  :err   : [75000.000000] LOG_ERR LOG_MAIL
news  :err   : [76000.000000] LOG_ERR LOG_NEWS
syslog:err   : [77000.000000] LOG_ERR LOG_SYSLOG
user  :err   : [78000.000000] LOG_ERR LOG_USER
uucp  :err   : [79000.000000] LOG_ERR LOG_UUCP
auth  :warn  : [80000.000000] LOG_WARNING LOG_AUTH
authpriv:warn  : [81000.000000] LOG_WARNING LOG_AUTHPRIV
cron  :warn  : [82000.000000] LOG_WARNING LOG_CRON
daemon:warn  : [83000.000000] LOG_WARNING LOG_DAEMON
ftp   :warn  : [84000.000000] LOG_WARNING LOG_FTP
kern  :warn  : [85000.000000] LOG_WARNING LOG_KERN
local0:warn  : [86000.000000] LOG_WARNING LOG_LOCAL0
local1:warn  : [87000.000000] LOG_WARNING LOG_LOCAL1
local2:warn  : [88000.000000] LOG_WARNING LOG_LOCAL2
local3:warn  : [89000.000000] LOG_WARNING LOG_LOCAL3
local4:warn  : [90000.000000] LOG_WARNING LOG_LOCAL4
local5:warn  : [91000.000000] LOG_WARNING LOG_LOCAL5
local6:warn  : [92000.000000] LOG_WARNING LOG_LOCAL6
local7:warn  : [93000.000000] LOG_WARNING LOG_LOCAL7
lpr   :warn  : [94000.000000] LOG_WARNING LOG_LPR
mail  :warn  : [95000.000000] LOG_WARNING LOG_MAIL
news  :warn  : [96000.000000] LOG_WARNING LOG_NEWS
syslog:warn  : [97000.000000] LOG_WARNING LOG_SYSLOG
user  :warn  : [98000.000000] LOG_WARNING LOG_USER
uucp  :warn  : [99000.000000] LOG_WARNING LOG_UUCP
auth  :notice: [100000.000000] LOG_NOTICE LOG_AUTH
authpriv:notice: [101000.000000] LOG_NOTICE LOG_AUTHPRIV
cron  :notice: [102000.000000] LOG_NOTICE LOG_CRON
daemon:notice: [103000.000000] LOG_NOTICE LOG_DAEMON
ftp   :notice: [104000.000000] LOG_NOTICE LOG_FTP
kern  :notice: [105000.000000] LOG_NOTICE LOG_KERN
local0:notice: [106000.000000] LOG_NOTICE LOG_LOCAL0
local1:notice: [107000.000000] LOG_NOTICE LOG_LOCAL1
local2:notice: [108000.000000] LOG_NOTICE LOG_LOCAL2
local3:notice: [109000.000000] LOG_NOTICE LOG_LOCAL3
local4:notice: [110000.000000] LOG_NOTICE LOG_LOCAL4
local5:notice: [111000.000000] LOG_NOTICE LOG_LOCAL5
local6:notice: [112000.000000] LOG_NOTICE LOG_LOCAL6
local7:notice: [113000.000000] LOG_NOTICE LOG_LOCAL7
lpr   :notice: [114000.000000] LOG_NOTICE LOG_LPR
mail  :notice: [115000.000000] LOG_NOTICE LOG_MAIL
news  :notice: [116000.000000] LOG_NOTICE LOG_NEWS
syslog:notice: [117000.000000] LOG_NOTICE LOG_SYSLOG
user  :notice: [118000.000000] LOG_NOTICE LOG_USER
uucp  :notice: [119000.000000] LOG_NOTICE LOG_UUCP
auth  :info  : [120000.000000] LOG_INFO LOG_AUTH
authpriv:info  : [121000.000000] LOG_INFO LOG_AUTHPRIV
cron  :info  : [122000.000000] LOG_INFO LOG_CRON
daemon:info  : [123000.000000] LOG_INFO LOG_DAEMON
ftp   :info  : [124000.000000] LOG_INFO LOG_FTP
kern  :info  : [125000.000000] LOG_INFO LOG_KERN
local0:info  : [126000.000000] LOG_INFO LOG_LOCAL0
local1:info  : [127000.000000] LOG_INFO LOG_LOCAL1
local2:info  : [128000.000000] LOG_INFO LOG_LOCAL2
local3:info  : [129000.000000] LOG_INFO LOG_LOCAL3
local4:info  : [130000.000000] LOG_INFO LOG_LOCAL4
local5:info  : [131000.000000] LOG_INFO LOG_LOCAL5
local6:info  : [132000.000000] LOG_INFO LOG_LOCAL6
local7:info  : [133000.000000] LOG_INFO LOG_LOCAL7
lpr   :info  : [134000.000000] LOG_INFO LOG_LPR
mail  :info  : [135000.000000] LOG_INFO LOG_MAIL
news  :info  : [136000.000000] LOG_INFO LOG_NEWS
syslog:info  : [137000.000000] LOG_INFO LOG_SYSLOG
user  :info  : [138000.000000] LOG_INFO LOG_USER
uucp  :info  : [139000.000000] LOG_INFO LOG_UUCP
auth  :debug : [140000.000000] LOG_DEBUG LOG_AUTH
authpriv:debug : [141000.000000] LOG_DEBUG LOG_AUTHPRIV
cron  :debug : [142000.000000] LOG_DEBUG LOG_CRON
daemon:debug : [143000.000000] LOG_DEBUG LOG_DAEMON
ftp   :debug : [144000.000000] LOG_DEBUG LOG_FTP
kern  :debug : [145000.000000] LOG_DEBUG LOG_KERN
local0:debug : [146000.000000] LOG_DEBUG LOG_LOCAL0
local1:debug : [147000.000000] LOG_DEBUG LOG_LOCAL1
local2:debug : [148000.000000] LOG_DEBUG LOG_LOCAL2
local3:debug : [149000.000000] LOG_DEBUG LOG_LOCAL3
local4:debug : [150000.000000] LOG_DEBUG LOG_LOCAL4
local5:debug : [151000.000000] LOG_DEBUG LOG_LOCAL5
local6:debug : [152000.000000] LOG_DEBUG LOG_LOCAL6
local7:debug : [153000.000000] LOG_DEBUG LOG_LOCAL7
lpr   :debug : [154000.000000] LOG_DEBUG LOG_LPR
mail  :debug : [155000.000000] LOG_DEBUG LOG_MAIL
news  :debug : [156000.000000] LOG_DEBUG LOG_NEWS
syslog:debug : [157000.000000] LOG_DEBUG LOG_SYSLOG
user  :debug : [158000.000000] LOG_DEBUG LOG_USER
uucp  :debug : [159000.000000] LOG_DEBUG LOG_UUCP
