

{last_modified_time}  Page 1


##ntation processAirPortStateChanges]: pppConnectionState 0
# Host DatabaseMon Dec 10 11:42:56.558 Info: <Wi-Fi Menu Extra[335]> -[AirPortExtraImplementation processAirPortStateChanges]: old state=4 bars, new state=4 bars
#Mon Dec 10 11:42:56.705 Info: <Wi-Fi Menu Extra[335]> 802.1X changed
# localhost is used to configure the loopback interfaceMon Dec 10 11:42:56.706 Info: <Wi-Fi Menu Extra[335]> -[AirPortExtraImplementation processAirPortStateChanges]: pppConnectionState 0
# when the system is booting.  Do not change this entry.Mon Dec 10 11:42:56.706 Info: <Wi-Fi Menu Extra[335]> -[AirPortExtraImplementation processAirPortStateChanges]: old state=4 bars, new state=4 bars
##Mon Dec 10 11:42:56.854 Info: <Wi-Fi Menu Extra[335]> 802.1X changed
127.0.0.1	localhostMon Dec 10 11:42:56.855 Info: <Wi-Fi Menu Extra[335]> -[AirPortExtraImplementation processAirPortStateChanges]: pppConnectionState 0
127.0.0.1 Techopss-MacBook-Pro.localMon Dec 10 11:42:56.856 Info: <Wi-Fi Menu Extra[335]> -[AirPortExtraImplementation processAirPortStateChanges]: old state=4 bars, new state=4 bars
127.0.0.1	tilakprMon Dec 10 11:42:57.002 Info: <Wi-Fi Menu Extra[335]> 802.1X changed
255.255.255.255	broadcasthostMon Dec 10 11:42:57.003 Info: <Wi-Fi Menu Extra[335]> -[AirPortExtraImplementation processAirPortStateChanges]: pppConnectionState 0
::1             localhostMon Dec 10 11:42:57.003 Info: <Wi-Fi Menu Extra[335]> -[AirPortExtraImplementation processAirPortStateChanges]: old state=4 bars, new state=4 bars
Mon Dec 10 11:42:57.152 Info: <Wi-Fi Menu Extra[335]> 802.1X changed
Mon Dec 10 11:42:57.154 Info: <Wi-Fi Menu Extra[335]> -[AirPortExtraImplementation processAirPortStateChanges]: pppConnectionState 0
Mon Dec 10 11:42:57.154 Info: <Wi-Fi Menu Extra[335]> -[AirPortExtraImplementation processAirPortStateChanges]: old state=4 bars, new state=4 bars
Mon Dec 10 11:42:57.302 Info: <Wi-Fi Menu Extra[335]> 802.1X changed
Mon Dec 10 11:42:57.304 Info: <Wi-Fi Menu Extra[335]> -[AirPortExtraImplementation processAirPortStateChanges]: pppConnectionState 0
Mon Dec 10 11:42:57.304 Info: <Wi-Fi Menu Extra[335]> -[AirPortExtraImplementation processAirPortStateChanges]: old state=4 bars, new state=4 bars
Mon Dec 10 11:42:57.449 Info: <Wi-Fi Menu Extra[335]> 802.1X changed
Mon Dec 10 11:42:57.451 Info: <Wi-Fi Menu Extra[335]> -[AirPortExtraImplementation processAirPortStateChanges]: pppConnectionState 0
Mon Dec 10 11:42:57.451 Info: <Wi-Fi Menu Extra[335]> -[AirPortExtraImplementation processAirPortStateChanges]: old state=4 bars, new state=4 bars
Mon Dec 10 11:42:57.600 Info: <Wi-Fi Menu Extra[335]> 802.1X changed
Mon Dec 10 11:42:57.601 Info: <Wi-Fi Menu Extra[335]> -[AirPortExtraImplementation processAirPortStateChanges]: pppConnectionState 0
Mon Dec 10 11:42:57.602 Info: <Wi-Fi Menu Extra[335]> -[AirPortExtraImplementation processAirPortStateChanges]: old state=4 bars, new state=4 bars
Mon Dec 10 11:42:57.624 Info: <Wi-Fi Menu Extra[335]> -[AirPortExtraImplementation processAirPortStateChanges]: pppConnectionState 0
Mon Dec 10 11:42:57.624 Info: <Wi-Fi Menu Extra[335]> -[AirPortExtraImplementation processAirPortStateChanges]: old state=4 bars, new state=4 bars
Mon Dec 10 11:42:57.749 Info: <Wi-Fi Menu Extra[335]> 802.1X changed
Mon Dec 10 11:42:57.750 Info: <Wi-Fi Menu Extra[335]> -[AirPortExtraImplementation processAirPortStateChanges]: pppConnectionState 0
Mon Dec 10 11:42:57.751 Info: <Wi-Fi Menu Extra[335]> -[AirPortExtraImplementation processAirPortStateChanges]: old state=4 bars, new state=4 bars
Mon Dec 10 11:42:57.896 Info: <Wi-Fi Menu Extra[335]> 802.1X changed
Mon Dec 10 11:42:57.897 Info: <Wi-Fi Menu Extra[335]> -[AirPortExtraImplementation processAirPortStateChanges]: pppConnectionState 0
Mon Dec 10 11:42:57.897 Info: <Wi-Fi Menu Extra[335]> -[AirPortExtraImplementation processAirPortStateChanges]: old state=4 bars, new state=4 bars
Mon Dec 10 11:42:58.045 Info: <Wi-Fi Menu Extra[335]> 802.1X changed
Mon Dec 10 11:42:58.047 Info: <Wi-Fi Menu Extra[335]> -[AirPortExtraImplementation processAirPortStateChanges]: pppConnectionState 0
Mon Dec 10 11:42:58.047 Info: <Wi-Fi Menu Extra[335]> -[AirPortExtraImplementation processAirPortStateChanges]: old state=4 bars, new state=4 bars
Mon Dec 10 11:42:58.193 Info: <Wi-Fi Menu Extra[335]> 802.1X changed
Mon Dec 10 11:42:58.195 Info: <Wi-Fi Menu Extra[335]> -[AirPortExtraImplementation processAirPortStateChanges]: pppConnectionState 0
Mon Dec 10 11:42:58.195 Info: <Wi-Fi Menu Extra[335]> -[AirPortExtraImplementation processAirPortStateChanges]: old state=4 bars, new state=4 bars
Mon Dec 10 11:42:58.342 Info: <Wi-Fi Menu Extra[335]> 802.1X changed
Mon Dec 10 11:42:58.343 Info: <Wi-Fi Menu Extra[335]> -[AirPortExtraImplementation processAirPortStateChanges]: pppConnectionState 0
Mon Dec 10 11:42:58.344 Info: <Wi-Fi Menu Extra[335]> -[AirPortExtraImplementation processAirPortStateChanges]: old state=4 bars, new state=4 bars
Mon Dec 10 11:42:58.491 Info: <Wi-Fi Menu Extra[335]> 802.1X changed
Mon Dec 10 11:42:58.493 Info: <Wi-Fi Menu Extra[335]> -[AirPortExtraImplementation processAirPortStateChanges]: pppConnectionState 0
Mon Dec 10 11:42:58.494 Info: <Wi-Fi Menu Extra[335]> -[AirPortExtraImplementation processAirPortStateChanges]: old state=4 bars, new state=4 bars
Mon Dec 10 11:42:58.640 Info: <Wi-Fi Menu Extra[335]> 802.1X changed
Mon Dec 10 11:42:58.642 Info: <Wi-Fi Menu Extra[335]> -[AirPortExtraImplementation processAirPortStateChanges]: pppConnectionState 0
Mon Dec 10 11:42:58.642 Info: <Wi-Fi Menu Extra[335]> -[AirPortExtraImplementation processAirPortStateChanges]: old state=4 bars, new state=4 bars
Mon Dec 10 11:42:58.805 Info: <Wi-Fi Menu Extra[335]> 802.1X changed
Mon Dec 10 11:42:58.806 Info: <Wi-Fi Menu Extra[335]> -[AirPortExtraImplementation processAirPortStateChanges]: pppConnectionState 0
Mon Dec 10 11:42:58.806 Info: <Wi-Fi Menu Extra[335]> -[AirPortExtraImplementation processAirPortStateChanges]: old state=4 bars, new state=4 bars
Mon Dec 10 11:42:58.958 Info: <Wi-Fi Menu Extra[335]> 802.1X changed
Mon Dec 10 11:42:58.959 Info: <Wi-Fi Menu Extra[335]> -[AirPortExtraImplementation processAirPortStateChanges]: pppConnectionState 0
Mon Dec 10 11:42:58.960 Info: <Wi-Fi Menu Extra[335]> -[AirPortExtraImplementation processAirPortStateChanges]: old state=4 bars, new state=4 bars
Mon Dec 10 11:42:59.155 Info: <Wi-Fi Menu Extra[335]> 802.1X changed
Mon Dec 10 11:42:59.157 Info: <Wi-Fi Menu Extra[335]> -[AirPortExtraImplementation processAirPortStateChanges]: pppConnectionState 0
Mon Dec 10 11:42:59.159 Info: <Wi-Fi Menu Extra[335]> -[AirPortExtraImplementation processAirPortStateChanges]: old state=4 bars, new state=4 bars
Mon Dec 10 11:42:59.352 Info: <Wi-Fi Menu Extra[335]> 802.1X changed







{last_modified_time}  Page 2


Mon Dec 10 11:42:59.354 Info: <Wi-Fi Menu Extra[335]> -[AirPortExtraImplementation processAirPortStateChanges]: pppConnectionState 0
Mon Dec 10 11:42:59.354 Info: <Wi-Fi Menu Extra[335]> -[AirPortExtraImplementation processAirPortStateChanges]: old state=4 bars, new state=4 bars
Mon Dec 10 11:42:59.372 Driver Event: <airportd[160]> _bsd_80211_event_callback: APPLE80211_M_ROAM_END (en0)
Mon Dec 10 11:42:59.372 Info: <airportd[160]> Roaming ended on interface en0
Mon Dec 10 11:42:59.372 Driver Event: <airportd[160]> _bsd_80211_event_callback: RSN_HANDSHAKE_DONE (en0)
Mon Dec 10 11:42:59.373 Info: <airportd[160]> -[CWXPCInterfaceContext setRoamInProgress:reason:]_block_invoke: roam status metric data: CWAWDMetricRoamStatus: status:0 security: 4 profile:5 origin:<34fcb9>(-69) target:<6cf37f>(-56) latency:6.083439s
Mon Dec 10 11:42:59.373 Info: <airportd[160]> -[CWAWDManager submitMetric:]: submitting metric id 0x90046
Mon Dec 10 11:42:59.373 Info: <airportd[160]> RESUME AWDL for interface en0, reason=Roam token=2685
Mon Dec 10 11:42:59.373 Info: <airportd[160]> PRIORITY LOCK REMOVED [client=airportd, type=4, interface=en0, priority=5]
Mon Dec 10 11:42:59.374 Info: <airportd[160]> -[CWXPCInterfaceContext __setAWDLOperatingMode:interface:error:]: attempting to set AWDL mode to 0
Mon Dec 10 11:43:01.072 SC: <airportd[160]> airportdProcessSystemConfigurationEvent: Processing 'State:/Network/Service/18E14EA7-4641-4104-B315-A9315814912A/DHCP'
Mon Dec 10 11:43:01.072 SC: <airportd[160]> _processDHCPChanges: State:/Network/Service/18E14EA7-4641-4104-B315-A9315814912A/DHCP
Mon Dec 10 11:43:01.072 SC: <airportd[160]> _processDHCPChanges: DHCP airport_changed = 1
Mon Dec 10 11:43:01.073 Info: <airportd[160]> -[CWXPCSubsystem internal_submitIPConfigLatencyMetric:leaseDuration:]: IPConfig Latency metric data: CWAWDMetricIPConfigLatencyData: DHCP latency: 29010 msecs, duration: 480 mins, security: 4
Mon Dec 10 11:43:01.073 Info: <airportd[160]> -[CWAWDManager submitMetric:]: submitting metric id 0x90007
Mon Dec 10 11:43:01.073 SC: <airportd[160]> _setDHCPMessage: dhcpInfoKey "State:/Network/Interface/en0/AirPort/DHCP Message" = (null)
Mon Dec 10 11:43:10.369 Driver Event: <airportd[160]> _bsd_80211_event_callback: LINK_QUALITY (en0)
Mon Dec 10 11:43:10.369 Info: <airportd[160]> _bsd_80211_event_callback: <en0> link quality: RSSI=-57 dBm TxRate=162 Mbps
Mon Dec 10 11:43:10.369 Info: <Wi-Fi Menu Extra[335]> link quality changed
Mon Dec 10 11:43:23.376 Driver Event: <airportd[160]> _bsd_80211_event_callback: LINK_QUALITY (en0)
Mon Dec 10 11:43:23.377 Info: <airportd[160]> _bsd_80211_event_callback: <en0> link quality: RSSI=-58 dBm TxRate=243 Mbps
Mon Dec 10 11:43:23.377 Info: <Wi-Fi Menu Extra[335]> link quality changed
Mon Dec 10 11:43:28.380 Driver Event: <airportd[160]> _bsd_80211_event_callback: LINK_QUALITY (en0)
Mon Dec 10 11:43:28.380 Info: <airportd[160]> _bsd_80211_event_callback: <en0> link quality: RSSI=-58 dBm TxRate=216 Mbps
Mon Dec 10 11:43:28.380 Info: <Wi-Fi Menu Extra[335]> link quality changed
Mon Dec 10 11:43:31.744 AutoJoin: <airportd[160]> BACKGROUND SCAN request on interface en0 with SSID list (null)
Mon Dec 10 11:43:31.747 Scan: <airportd[160]> Cache-assisted scan request on channel 1 does not require a live scan
Mon Dec 10 11:43:31.748 Scan: <airportd[160]> Cache-assisted scan request on channel 2 does not require a live scan
Mon Dec 10 11:43:31.748 Scan: <airportd[160]> Cache-assisted scan request on channel 3 does not require a live scan
Mon Dec 10 11:43:31.748 Scan: <airportd[160]> Cache-assisted scan request does not require a live scan
Mon Dec 10 11:43:31.748 AutoJoin: <airportd[160]> Successful cache-assisted background scan request with channels {(
Mon Dec 10 11:43:31.748     <CWChannel: 0x7fc3fcd22180> [channelNumber=1(2GHz), channelWidth={20MHz}, active],
Mon Dec 10 11:43:31.748     <CWChannel: 0x7fc3fcd284a0> [channelNumber=2(2GHz), channelWidth={20MHz}, active],
Mon Dec 10 11:43:31.748     <CWChannel: 0x7fc3fcd13910> [channelNumber=3(2GHz), channelWidth={20MHz}, active]
Mon Dec 10 11:43:31.748 )} took 0.0025 seconds, returned 10 results
Mon Dec 10 11:43:31.748 Scan: <airportd[160]> Cache-assisted scan request on channel 4 does not require a live scan
Mon Dec 10 11:43:31.748 Scan: <airportd[160]> Cache-assisted scan request on channel 5 does not require a live scan
Mon Dec 10 11:43:31.749 Scan: <airportd[160]> Cache-assisted scan request on channel 6 does not require a live scan
Mon Dec 10 11:43:31.749 Scan: <airportd[160]> Cache-assisted scan request does not require a live scan
Mon Dec 10 11:43:31.749 AutoJoin: <airportd[160]> Successful cache-assisted background scan request with channels {(
Mon Dec 10 11:43:31.749     <CWChannel: 0x7fc3fcd0e7e0> [channelNumber=4(2GHz), channelWidth={20MHz}, active],
Mon Dec 10 11:43:31.749     <CWChannel: 0x7fc3fcd18a40> [channelNumber=5(2GHz), channelWidth={20MHz}, active],
Mon Dec 10 11:43:31.749     <CWChannel: 0x7fc3fcd0ae10> [channelNumber=6(2GHz), channelWidth={20MHz}, active]
Mon Dec 10 11:43:31.749 )} took 0.0008 seconds, returned 7 results
Mon Dec 10 11:43:31.749 Scan: <airportd[160]> Cache-assisted scan request on channel 7 does not require a live scan
Mon Dec 10 11:43:31.749 Scan: <airportd[160]> Cache-assisted scan request on channel 8 does not require a live scan
Mon Dec 10 11:43:31.749 Scan: <airportd[160]> Cache-assisted scan request on channel 9 does not require a live scan
Mon Dec 10 11:43:31.749 Scan: <airportd[160]> Cache-assisted scan request does not require a live scan
Mon Dec 10 11:43:31.749 AutoJoin: <airportd[160]> Successful cache-assisted background scan request with channels {(
Mon Dec 10 11:43:31.749     <CWChannel: 0x7fc3fcd57a80> [channelNumber=7(2GHz), channelWidth={20MHz}, active],
Mon Dec 10 11:43:31.749     <CWChannel: 0x7fc3fcd32290> [channelNumber=8(2GHz), channelWidth={20MHz}, active],
Mon Dec 10 11:43:31.749     <CWChannel: 0x7fc3fcd77ab0> [channelNumber=9(2GHz), channelWidth={20MHz}, active]
Mon Dec 10 11:43:31.749 )} took 0.0002 seconds, returned 1 results
Mon Dec 10 11:43:31.749 Scan: <airportd[160]> Cache-assisted scan request on channel 10 does not require a live scan
Mon Dec 10 11:43:31.749 Scan: <airportd[160]> Cache-assisted scan request on channel 11 does not require a live scan
Mon Dec 10 11:43:31.750 Scan: <airportd[160]> Cache-assisted scan request on channel 12 does not require a live scan





