

{last_modified_time} test_num_page_less_content.log Page 1


    1	ntation processAirPortStateChanges]: pppConnectionState 0
    2	Mon Dec 10 11:42:56.558 Info: <Wi-Fi Menu Extra[335]> -[AirPortExtraImplementation processAirPortStateChanges]: old state=4 bars, new state=4 bars
    3	Mon Dec 10 11:42:56.705 Info: <Wi-Fi Menu Extra[335]> 802.1X changed
    4	Mon Dec 10 11:42:56.706 Info: <Wi-Fi Menu Extra[335]> -[AirPortExtraImplementation processAirPortStateChanges]: pppConnectionState 0
    5	Mon Dec 10 11:42:56.706 Info: <Wi-Fi Menu Extra[335]> -[AirPortExtraImplementation processAirPortStateChanges]: old state=4 bars, new state=4 bars
    6	Mon Dec 10 11:42:56.854 Info: <Wi-Fi Menu Extra[335]> 802.1X changed
    7	Mon Dec 10 11:42:56.855 Info: <Wi-Fi Menu Extra[335]> -[AirPortExtraImplementation processAirPortStateChanges]: pppConnectionState 0







