

{last_modified_time} test_one_page.log Page 1


    5	ntation processAirPortStateChanges]: pppConnectionState 0
    6	Mon Dec 10 11:42:56.558 Info: <Wi-Fi Menu Extra[335]> -[AirPortExtraImplementation processAirPortStateChanges]: old state=4 bars, new state=4 bars
    7	Mon Dec 10 11:42:56.705 Info: <Wi-Fi Menu Extra[335]> 802.1X changed
    8	Mon Dec 10 11:42:56.706 Info: <Wi-Fi Menu Extra[335]> -[AirPortExtraImplementation processAirPortStateChanges]: pppConnectionState 0
    9	Mon Dec 10 11:42:56.706 Info: <Wi-Fi Menu Extra[335]> -[AirPortExtraImplementation processAirPortStateChanges]: old state=4 bars, new state=4 bars
   10	Mon Dec 10 11:42:56.854 Info: <Wi-Fi Menu Extra[335]> 802.1X changed
   11	Mon Dec 10 11:42:56.855 Info: <Wi-Fi Menu Extra[335]> -[AirPortExtraImplementation processAirPortStateChanges]: pppConnectionState 0
   12	Mon Dec 10 11:42:56.856 Info: <Wi-Fi Menu Extra[335]> -[AirPortExtraImplementation processAirPortStateChanges]: old state=4 bars, new state=4 bars
   13	Mon Dec 10 11:42:57.002 Info: <Wi-Fi Menu Extra[335]> 802.1X changed
   14	Mon Dec 10 11:42:57.003 Info: <Wi-Fi Menu Extra[335]> -[AirPortExtraImplementation processAirPortStateChanges]: pppConnectionState 0
   15	Mon Dec 10 11:42:57.003 Info: <Wi-Fi Menu Extra[335]> -[AirPortExtraImplementation processAirPortStateChanges]: old state=4 bars, new state=4 bars
   16	Mon Dec 10 11:42:57.152 Info: <Wi-Fi Menu Extra[335]> 802.1X changed
   17	Mon Dec 10 11:42:57.154 Info: <Wi-Fi Menu Extra[335]> -[AirPortExtraImplementation processAirPortStateChanges]: pppConnectionState 0
   18	Mon Dec 10 11:42:57.154 Info: <Wi-Fi Menu Extra[335]> -[AirPortExtraImplementation processAirPortStateChanges]: old state=4 bars, new state=4 bars
   19	Mon Dec 10 11:42:57.302 Info: <Wi-Fi Menu Extra[335]> 802.1X changed
   20	Mon Dec 10 11:42:57.304 Info: <Wi-Fi Menu Extra[335]> -[AirPortExtraImplementation processAirPortStateChanges]: pppConnectionState 0
   21	Mon Dec 10 11:42:57.304 Info: <Wi-Fi Menu Extra[335]> -[AirPortExtraImplementation processAirPortStateChanges]: old state=4 bars, new state=4 bars
   22	Mon Dec 10 11:42:57.449 Info: <Wi-Fi Menu Extra[335]> 802.1X changed
   23	Mon Dec 10 11:42:57.451 Info: <Wi-Fi Menu Extra[335]> -[AirPortExtraImplementation processAirPortStateChanges]: pppConnectionState 0
   24	Mon Dec 10 11:42:57.451 Info: <Wi-Fi Menu Extra[335]> -[AirPortExtraImplementation processAirPortStateChanges]: old state=4 bars, new state=4 bars
   25	Mon Dec 10 11:42:57.600 Info: <Wi-Fi Menu Extra[335]> 802.1X changed
   26	Mon Dec 10 11:42:57.601 Info: <Wi-Fi Menu Extra[335]> -[AirPortExtraImplementation processAirPortStateChanges]: pppConnectionState 0
   27	Mon Dec 10 11:42:57.602 Info: <Wi-Fi Menu Extra[335]> -[AirPortExtraImplementation processAirPortStateChanges]: old state=4 bars, new state=4 bars
   28	Mon Dec 10 11:42:57.624 Info: <Wi-Fi Menu Extra[335]> -[AirPortExtraImplementation processAirPortStateChanges]: pppConnectionState 0
   29	Mon Dec 10 11:42:57.624 Info: <Wi-Fi Menu Extra[335]> -[AirPortExtraImplementation processAirPortStateChanges]: old state=4 bars, new state=4 bars
   30	Mon Dec 10 11:42:57.749 Info: <Wi-Fi Menu Extra[335]> 802.1X changed
   31	Mon Dec 10 11:42:57.750 Info: <Wi-Fi Menu Extra[335]> -[AirPortExtraImplementation processAirPortStateChanges]: pppConnectionState 0
   32	Mon Dec 10 11:42:57.751 Info: <Wi-Fi Menu Extra[335]> -[AirPortExtraImplementation processAirPortStateChanges]: old state=4 bars, new state=4 bars
   33	Mon Dec 10 11:42:57.896 Info: <Wi-Fi Menu Extra[335]> 802.1X changed
   34	Mon Dec 10 11:42:57.897 Info: <Wi-Fi Menu Extra[335]> -[AirPortExtraImplementation processAirPortStateChanges]: pppConnectionState 0
   35	Mon Dec 10 11:42:57.897 Info: <Wi-Fi Menu Extra[335]> -[AirPortExtraImplementation processAirPortStateChanges]: old state=4 bars, new state=4 bars
   36	Mon Dec 10 11:42:58.045 Info: <Wi-Fi Menu Extra[335]> 802.1X changed
   37	Mon Dec 10 11:42:58.047 Info: <Wi-Fi Menu Extra[335]> -[AirPortExtraImplementation processAirPortStateChanges]: pppConnectionState 0
   38	Mon Dec 10 11:42:58.047 Info: <Wi-Fi Menu Extra[335]> -[AirPortExtraImplementation processAirPortStateChanges]: old state=4 bars, new state=4 bars
   39	Mon Dec 10 11:42:58.193 Info: <Wi-Fi Menu Extra[335]> 802.1X changed
   40	Mon Dec 10 11:42:58.195 Info: <Wi-Fi Menu Extra[335]> -[AirPortExtraImplementation processAirPortStateChanges]: pppConnectionState 0
   41	Mon Dec 10 11:42:58.195 Info: <Wi-Fi Menu Extra[335]> -[AirPortExtraImplementation processAirPortStateChanges]: old state=4 bars, new state=4 bars
   42	Mon Dec 10 11:42:58.342 Info: <Wi-Fi Menu Extra[335]> 802.1X changed
   43	Mon Dec 10 11:42:58.343 Info: <Wi-Fi Menu Extra[335]> -[AirPortExtraImplementation processAirPortStateChanges]: pppConnectionState 0
   44	Mon Dec 10 11:42:58.344 Info: <Wi-Fi Menu Extra[335]> -[AirPortExtraImplementation processAirPortStateChanges]: old state=4 bars, new state=4 bars
   45	Mon Dec 10 11:42:58.491 Info: <Wi-Fi Menu Extra[335]> 802.1X changed
   46	Mon Dec 10 11:42:58.493 Info: <Wi-Fi Menu Extra[335]> -[AirPortExtraImplementation processAirPortStateChanges]: pppConnectionState 0
   47	Mon Dec 10 11:42:58.494 Info: <Wi-Fi Menu Extra[335]> -[AirPortExtraImplementation processAirPortStateChanges]: old state=4 bars, new state=4 bars
   48	Mon Dec 10 11:42:58.640 Info: <Wi-Fi Menu Extra[335]> 802.1X changed
   49	Mon Dec 10 11:42:58.642 Info: <Wi-Fi Menu Extra[335]> -[AirPortExtraImplementation processAirPortStateChanges]: pppConnectionState 0
   50	Mon Dec 10 11:42:58.642 Info: <Wi-Fi Menu Extra[335]> -[AirPortExtraImplementation processAirPortStateChanges]: old state=4 bars, new state=4 bars
   51	Mon Dec 10 11:42:58.805 Info: <Wi-Fi Menu Extra[335]> 802.1X changed
   52	Mon Dec 10 11:42:58.806 Info: <Wi-Fi Menu Extra[335]> -[AirPortExtraImplementation processAirPortStateChanges]: pppConnectionState 0
   53	Mon Dec 10 11:42:58.806 Info: <Wi-Fi Menu Extra[335]> -[AirPortExtraImplementation processAirPortStateChanges]: old state=4 bars, new state=4 bars
   54	Mon Dec 10 11:42:58.958 Info: <Wi-Fi Menu Extra[335]> 802.1X changed
   55	Mon Dec 10 11:42:58.959 Info: <Wi-Fi Menu Extra[335]> -[AirPortExtraImplementation processAirPortStateChanges]: pppConnectionState 0
   56	Mon Dec 10 11:42:58.960 Info: <Wi-Fi Menu Extra[335]> -[AirPortExtraImplementation processAirPortStateChanges]: old state=4 bars, new state=4 bars
   57	Mon Dec 10 11:42:59.155 Info: <Wi-Fi Menu Extra[335]> 802.1X changed
   58	Mon Dec 10 11:42:59.157 Info: <Wi-Fi Menu Extra[335]> -[AirPortExtraImplementation processAirPortStateChanges]: pppConnectionState 0
   59	Mon Dec 10 11:42:59.159 Info: <Wi-Fi Menu Extra[335]> -[AirPortExtraImplementation processAirPortStateChanges]: old state=4 bars, new state=4 bars
   60	Mon Dec 10 11:42:59.352 Info: <Wi-Fi Menu Extra[335]> 802.1X changed





