.xx "" "" """quotes"", for roff" ""
.xx "" "and some other like %a, b" "#, c$c" ""
.xx "" "and some other like %a, b#, c" "$c" ""
.xx "" "and some other like" "%a, b#, c$c" ""
.xx "" "and some other like %a" ", b#, c$c" ""
.xx "" """quotes""," "for roff" ""
.xx "" "{brackets}" "for tex" ""
.xx "" "" "hello world!" ""
.xx "" "let's c" "heck special characters:" ""
.xx "" "let's check special c" "haracters:" ""
.xx "" "let's check spec" "ial characters:" ""
.xx "" "let's chec" "k special characters:" ""
.xx "" "{brac" "kets} for tex" ""
.xx "" "oh, and bac" "k\slash" ""
.xx "" "" "let's check special characters:" ""
.xx "" "let's check specia" "l characters:" ""
.xx "" "and some other" "like %a, b#, c$c" ""
.xx "" "he" "llo world!" ""
.xx "" "maybe a" "lso~or^" ""
.xx "" "" "maybe also~or^" ""
.xx "" "a" "nd some other like %a, b#, c$c" ""
.xx "" "oh, a" "nd back\slash" ""
.xx "" "" "oh, and back\slash" ""
.xx "" "and some" "other like %a, b#, c$c" ""
.xx "" "let's check special cha" "racters:" ""
.xx "" "{b" "rackets} for tex" ""
.xx "" "and some othe" "r like %a, b#, c$c" ""
.xx "" """quotes"", for" "roff" ""
.xx "" "let's check special characte" "rs:" ""
.xx "" """quote" "s"", for roff" ""
.xx "" "oh, and back\sla" "sh" ""
.xx "" "oh, and back\" "slash" ""
.xx "" "and" "some other like %a, b#, c$c" ""
.xx "" "let's check" "special characters:" ""
.xx "" "let's check special charac" "ters:" ""
.xx "" "{brackets} for" "tex" ""
.xx "" "le" "t's check special characters:" ""
.xx "" "{bracke" "ts} for tex" ""
.xx "" "hello" "world!" ""
.xx "" "{brackets} for te" "x" ""
.xx "" "ma" "ybe also~or^" ""
.xx "" "" "{brackets} for tex" ""
