.xx "summer's day? Thou art/" "" "I compare thee to a" "" "sonnet:1"
.xx "" "shake the darling buds of" "May," "/winds do" "sonnet:3"
.xx "more/" "I compare thee to" "a summer's day? Thou art" "" "sonnet:1"
.xx "" "/lease hath all too short" "a date: Sometime too hot/" "" "sonnet:4"
.xx "" "And summer's lease hath" "all too short a date:/" "" "sonnet:4"
.xx "" "/day? Thou art more lovely" "and more temperate: Rough/" "" "sonnet:2"
.xx "thee." "" "and this gives life to" "" "sonnet:14"
.xx "" "/to a summer's day? Thou" "art more lovely and more/" "" "sonnet:2"
.xx "" "/time thou grow'st: So long" "as men can breathe or eyes/" "" "sonnet:13"
.xx "shade," "Nor shall death" "brag thou wander'st in his" "" "sonnet:11"
.xx "" "/grow'st: So long as men can" "breathe or eyes can see," "" "sonnet:13"
.xx "" "winds do shake the darling" "buds of May," "/Rough" "sonnet:3"
.xx "" "/grow'st: So long as men" "can breathe or eyes can/" "" "sonnet:13"
.xx "" "as men can breathe or eyes" "can see," "/So long" "sonnet:13"
.xx "course untrimmed: But/" "By" "chance or nature's changing" "" "sonnet:8"
.xx "" "By chance or nature's" "changing course untrimmed:/" "" "sonnet:8"
.xx "day? Thou art more/" "I" "compare thee to a summer's" "" "sonnet:1"
.xx "" "And often is his gold" "complexion dimmed," "" "sonnet:6"
.xx "" "/chance or nature's changing" "course untrimmed: But thy/" "" "sonnet:8"
.xx "" "/Rough winds do shake the" "darling buds of May," "" "sonnet:3"
.xx "" "/lease hath all too short a" "date: Sometime too hot the/" "" "sonnet:4"
.xx "" "/compare thee to a summer's" "day? Thou art more lovely/" "" "sonnet:1"
.xx "in his shade," "Nor shall" "death brag thou wander'st" "" "sonnet:11"
.xx "" "fair from fair sometime" "declines," "And every" "sonnet:7"
.xx "" "is his gold complexion" "dimmed," "And often" "sonnet:6"
.xx "" "/more temperate: Rough winds" "do shake the darling buds/" "" "sonnet:3"
.xx "" "/course untrimmed: But thy" "eternal summer shall not/" "" "sonnet:9"
.xx "grow'st: So long/" "When in" "eternal lines to time thou" "" "sonnet:12"
.xx "sometime declines," "And" "every fair from fair" "" "sonnet:7"
.xx "" "date: Sometime too hot the" "eye of heaven shines," "/a" "sonnet:5"
.xx "" "long as men can breathe or" "eyes can see," "/grow'st: So" "sonnet:13"
.xx "" "eternal summer shall not" "fade," "/But thy" "sonnet:9"
.xx "declines," "And every" "fair from fair sometime" "" "sonnet:7"
.xx "" "And every fair from" "fair sometime declines," "" "sonnet:7"
.xx "" "Nor lose possession of that" "fair thou ow'st," "" "sonnet:10"
.xx "declines," "And every fair" "from fair sometime" "" "sonnet:7"
.xx "" "and this" "gives life to thee." "" "sonnet:14"
.xx "" "And often is his" "gold complexion dimmed," "" "sonnet:6"
.xx "" "/eternal lines to time thou" "grow'st: So long as men can/" "" "sonnet:12"
.xx "" "And summer's lease" "hath all too short a date:/" "" "sonnet:4"
.xx "" "Sometime too hot the eye of" "heaven shines," "/a date:" "sonnet:5"
.xx "" "And often is" "his gold complexion dimmed," "" "sonnet:6"
.xx "" "brag thou wander'st in" "his shade," "/shall death" "sonnet:11"
.xx "" "short a date: Sometime too" "hot the eye of heaven/" "/too" "sonnet:5"
.xx "" "death brag thou wander'st" "in his shade," "Nor shall" "sonnet:11"
.xx "thou grow'st: So/" "When" "in eternal lines to time" "" "sonnet:12"
.xx "dimmed," "And often" "is his gold complexion" "" "sonnet:6"
.xx "date:/" "And summer's" "lease hath all too short a" "" "sonnet:4"
.xx "" "and this gives" "life to thee." "" "sonnet:14"
.xx "So long/" "When in eternal" "lines to time thou grow'st:" "" "sonnet:12"
.xx "" "So long" "lives this," "" "sonnet:14"
.xx "" "/to time thou grow'st: So" "long as men can breathe or/" "" "sonnet:13"
.xx "" "So" "long lives this," "" "sonnet:14"
.xx "fair thou ow'st," "Nor" "lose possession of that" "" "sonnet:10"
.xx "" "/summer's day? Thou art more" "lovely and more temperate:/" "" "sonnet:2"
.xx "" "/thou grow'st: So long as" "men can breathe or eyes can/" "" "sonnet:13"
.xx "" "to a summer's day? Thou art" "more lovely and more/" "/thee" "sonnet:2"
.xx "" "/Thou art more lovely and" "more temperate: Rough winds/" "" "sonnet:2"
.xx "untrimmed:/" "By chance or" "nature's changing course" "" "sonnet:8"
.xx "" "thy eternal summer shall" "not fade," "/But" "sonnet:9"
.xx "" "do shake the darling buds" "of May," "/Rough winds" "sonnet:3"
.xx "" "Sometime too hot the eye" "of heaven shines," "/a date:" "sonnet:5"
.xx "" "Nor lose possession" "of that fair thou ow'st," "" "sonnet:10"
.xx "complexion dimmed," "And" "often is his gold" "" "sonnet:6"
.xx "untrimmed: But/" "By chance" "or nature's changing course" "" "sonnet:8"
.xx "" "So long as men can breathe" "or eyes can see," "/grow'st:" "sonnet:13"
.xx "" "of that fair thou" "ow'st," "/lose possession" "sonnet:10"
.xx "thou ow'st," "Nor lose" "possession of that fair" "" "sonnet:10"
.xx "" "men can breathe or eyes can" "see," "/So long as" "sonnet:13"
.xx "" "brag thou wander'st in his" "shade," "/shall death" "sonnet:11"
.xx "" "/temperate: Rough winds do" "shake the darling buds of/" "" "sonnet:3"
.xx "" "/But thy eternal summer" "shall not fade," "" "sonnet:9"
.xx "wander'st in his/" "Nor" "shall death brag thou" "" "sonnet:11"
.xx "" "too hot the eye of heaven" "shines," "/Sometime" "sonnet:5"
.xx "" "/summer's lease hath all too" "short a date: Sometime too/" "" "sonnet:4"
.xx "" "And every fair from fair" "sometime declines," "" "sonnet:7"
.xx "" "/untrimmed: But thy eternal" "summer shall not fade," "" "sonnet:9"
.xx "" "I compare thee to a" "summer's day? Thou art more/" "" "sonnet:1"
.xx "short a date:/" "And" "summer's lease hath all too" "" "sonnet:4"
.xx "" "/art more lovely and more" "temperate: Rough winds do/" "" "sonnet:2"
.xx "" "Nor lose possession of" "that fair thou ow'st," "" "sonnet:10"
.xx "" "/Rough winds do shake" "the darling buds of May," "" "sonnet:3"
.xx "" "/a date: Sometime too hot" "the eye of heaven shines," "" "sonnet:5"
.xx "Thou art more/" "I compare" "thee to a summer's day?" "" "sonnet:1"
.xx "" "and this gives life to" "thee." "" "sonnet:14"
.xx "" "and" "this gives life to thee." "" "sonnet:14"
.xx "" "So long lives" "this," "" "sonnet:14"
.xx "" "possession of that fair" "thou ow'st," "Nor lose" "sonnet:10"
.xx "" "Nor shall death brag" "thou wander'st in his/" "" "sonnet:11"
.xx "" "/in eternal lines to time" "thou grow'st: So long as/" "" "sonnet:12"
.xx "" "/course untrimmed: But" "thy eternal summer shall/" "" "sonnet:9"
.xx "" "When in eternal lines to" "time thou grow'st: So long/" "" "sonnet:12"
.xx "more/" "I compare thee" "to a summer's day? Thou art" "" "sonnet:1"
.xx "" "When in eternal lines" "to time thou grow'st: So/" "" "sonnet:12"
.xx "" "and this gives life" "to thee." "" "sonnet:14"
.xx "" "And summer's lease hath all" "too short a date: Sometime/" "" "sonnet:4"
.xx "" "/too short a date: Sometime" "too hot the eye of heaven/" "" "sonnet:5"
.xx "" "/or nature's changing course" "untrimmed: But thy eternal/" "" "sonnet:8"
.xx "" "Nor shall death brag thou" "wander'st in his shade," "" "sonnet:11"
.xx "" "/and more temperate: Rough" "winds do shake the darling/" "" "sonnet:3"
