.xx "summer's day? Thou art/" "" "I compare thee to a" "" "Shall"
.xx "" "/shake the darling buds of" "May, And summer's lease/" "" "Rough"
.xx "more/" "I compare thee to" "a summer's day? Thou art" "" "Shall"
.xx "" "lease hath all too short" "a date:" "/And summer's" "And"
.xx "" "/And summer's lease hath" "all too short a date:" "" "And"
.xx "" "/day? Thou art more lovely" "and more temperate:" "" "Thou"
.xx "" "/see, So long lives this," "and this gives life to/" "" "So"
.xx "" "/to a summer's day? Thou" "art more lovely and more/" "" "Thou"
.xx "can see, So long/" "So long" "as men can breathe or eyes" "" "So"
.xx "" "/thou ow'st, Nor shall death" "brag thou wander'st in his/" "" "Nor"
.xx "long/" "So long as men can" "breathe or eyes can see, So" "" "So"
.xx "" "/winds do shake the darling" "buds of May, And summer's/" "" "Rough"
.xx "see, So/" "So long as men" "can breathe or eyes can" "" "So"
.xx "" "/as men can breathe or eyes" "can see, So long lives/" "" "So"
.xx "" "/fair sometime declines, By" "chance or nature's changing/" "" "By"
.xx "" "/By chance or nature's" "changing course untrimmed:" "" "By"
.xx "day? Thou art more/" "I" "compare thee to a summer's" "" "Shall"
.xx "" "/And often is his gold" "complexion dimmed, And/" "" "And"
.xx "" "chance or nature's changing" "course untrimmed:" "/By" "By"
.xx "" "Rough winds do shake the" "darling buds of May, And/" "" "Rough"
.xx "" "lease hath all too short a" "date:" "/summer's" "And"
.xx "" "/compare thee to a summer's" "day? Thou art more lovely/" "" "Shall"
.xx "" "/fair thou ow'st, Nor shall" "death brag thou wander'st/" "" "Nor"
.xx "" "/fair from fair sometime" "declines, By chance or/" "" "And"
.xx "" "/is his gold complexion" "dimmed, And every fair from/" "" "And"
.xx "of May, And/" "Rough winds" "do shake the darling buds" "" "Rough"
.xx "fade, Nor lose/" "But thy" "eternal summer shall not" "" "But"
.xx "" "/in his shade, When in" "eternal lines to time thou/" "" "When"
.xx "" "gold complexion dimmed, And" "every fair from fair/" "/his" "And"
.xx "" "Sometime too hot the" "eye of heaven shines, And/" "" "Sometime"
.xx "" "/long as men can breathe or" "eyes can see, So long lives/" "" "So"
.xx "" "/eternal summer shall not" "fade, Nor lose possession/" "" "But"
.xx "" "/dimmed, And every" "fair from fair sometime/" "" "And"
.xx "" "/dimmed, And every fair from" "fair sometime declines, By/" "" "And"
.xx "" "/Nor lose possession of that" "fair thou ow'st, Nor shall/" "" "Nor"
.xx "" "/dimmed, And every fair" "from fair sometime/" "" "And"
.xx "" "long lives this, and this" "gives life to thee." "/So" "So"
.xx "" "/shines, And often is his" "gold complexion dimmed, And/" "" "And"
.xx "" "eternal lines to time thou" "grow'st:" "/When in" "When"
.xx "" "/of May, And summer's lease" "hath all too short a date:" "" "And"
.xx "" "Sometime too hot the eye of" "heaven shines, And often is/" "" "Sometime"
.xx "" "/heaven shines, And often is" "his gold complexion dimmed,/" "" "And"
.xx "" "/brag thou wander'st in" "his shade, When in eternal/" "" "Nor"
.xx "shines, And/" "Sometime too" "hot the eye of heaven" "" "Sometime"
.xx "" "/death brag thou wander'st" "in his shade, When in/" "" "Nor"
.xx "thou/" "/in his shade, When" "in eternal lines to time" "" "When"
.xx "" "/of heaven shines, And often" "is his gold complexion/" "" "And"
.xx "" "/buds of May, And summer's" "lease hath all too short a/" "" "And"
.xx "" "lives this, and this gives" "life to thee." "/So long" "So"
.xx "" "/his shade, When in eternal" "lines to time thou grow'st:" "" "When"
.xx "" "/or eyes can see, So long" "lives this, and this gives/" "" "So"
.xx "eyes can see, So long/" "So" "long as men can breathe or" "" "So"
.xx "" "/breathe or eyes can see, So" "long lives this, and this/" "" "So"
.xx "" "/summer shall not fade, Nor" "lose possession of that/" "" "Nor"
.xx "" "/summer's day? Thou art more" "lovely and more temperate:" "" "Thou"
.xx "see, So long/" "So long as" "men can breathe or eyes can" "" "So"
.xx "" "to a summer's day? Thou art" "more lovely and more/" "/thee" "Thou"
.xx "" "Thou art more lovely and" "more temperate:" "/day?" "Thou"
.xx "" "/declines, By chance or" "nature's changing course/" "" "By"
.xx "" "thy eternal summer shall" "not fade, Nor lose/" "But" "But"
.xx "" "/do shake the darling buds" "of May, And summer's lease/" "" "Rough"
.xx "" "Sometime too hot the eye" "of heaven shines, And often/" "" "Sometime"
.xx "" "/fade, Nor lose possession" "of that fair thou ow'st,/" "" "Nor"
.xx "" "eye of heaven shines, And" "often is his gold/" "/hot the" "And"
.xx "" "/declines, By chance" "or nature's changing course/" "" "By"
.xx "" "So long as men can breathe" "or eyes can see, So long/" "" "So"
.xx "thou/" "/of that fair thou" "ow'st, Nor shall death brag" "" "Nor"
.xx "" "/shall not fade, Nor lose" "possession of that fair/" "" "Nor"
.xx "" "/men can breathe or eyes can" "see, So long lives this,/" "" "So"
.xx "" "/brag thou wander'st in his" "shade, When in eternal/" "" "Nor"
.xx "May, And/" "Rough winds do" "shake the darling buds of" "" "Rough"
.xx "" "But thy eternal summer" "shall not fade, Nor lose/" "" "But"
.xx "" "that fair thou ow'st, Nor" "shall death brag thou/" "/of" "Nor"
.xx "" "/too hot the eye of heaven" "shines, And often is his/" "" "Sometime"
.xx "" "summer's lease hath all too" "short a date:" "/May, And" "And"
.xx "" "/And every fair from fair" "sometime declines, By/" "" "And"
.xx "lose/" "But thy eternal" "summer shall not fade, Nor" "" "But"
.xx "" "I compare thee to a" "summer's day? Thou art more/" "" "Shall"
.xx "" "/darling buds of May, And" "summer's lease hath all too/" "" "And"
.xx "" "art more lovely and more" "temperate:" "/day? Thou" "Thou"
.xx "" "/Nor lose possession of" "that fair thou ow'st, Nor/" "" "Nor"
.xx "And/" "Rough winds do shake" "the darling buds of May," "" "Rough"
.xx "And/" "Sometime too hot" "the eye of heaven shines," "" "Sometime"
.xx "Thou art more/" "I compare" "thee to a summer's day?" "" "Shall"
.xx "" "and this gives life to" "thee." "/lives this," "So"
.xx "" "/So long lives this, and" "this gives life to thee." "" "So"
.xx "" "/eyes can see, So long lives" "this, and this gives life/" "" "So"
.xx "" "/possession of that fair" "thou ow'st, Nor shall death/" "" "Nor"
.xx "" "/ow'st, Nor shall death brag" "thou wander'st in his/" "" "Nor"
.xx "" "in eternal lines to time" "thou grow'st:" "/shade, When" "When"
.xx "not fade, Nor lose/" "But" "thy eternal summer shall" "" "But"
.xx "" "When in eternal lines to" "time thou grow'st:" "/shade," "When"
.xx "more/" "I compare thee" "to a summer's day? Thou art" "" "Shall"
.xx "" "/When in eternal lines" "to time thou grow'st:" "" "When"
.xx "" "this, and this gives life" "to thee." "/long lives" "So"
.xx "" "And summer's lease hath all" "too short a date:" "/of May," "And"
.xx "shines, And/" "Sometime" "too hot the eye of heaven" "" "Sometime"
.xx "" "or nature's changing course" "untrimmed:" "/By chance" "By"
.xx "" "/Nor shall death brag thou" "wander'st in his shade,/" "" "Nor"
.xx "buds of May, And/" "Rough" "winds do shake the darling" "" "Rough"
