.xx "" "some other like" "%a, b#, c$c" "" "and"
.xx "" "" "also~or^" "" "maybe"
.xx "" "" "and back\slash" "" "oh,"
.xx "" "some other like %a," "b#, c$c" "" "and"
.xx "" "and" "back\slash" "" "oh,"
.xx "" "some other like %a, b#," "c$c" "" "and"
.xx "" "check special" "characters:" "" "let's"
.xx "" "" "check special characters:" "" "let's"
.xx "" "" "for roff" "" """quotes"","
.xx "" "" "for tex" "" "{brackets}"
.xx "" "some other" "like %a, b#, c$c" "" "and"
.xx "" "some" "other like %a, b#, c$c" "" "and"
.xx "" "for" "roff" "" """quotes"","
.xx "" "" "some other like %a, b#, c$c" "" "and"
.xx "" "check" "special characters:" "" "let's"
.xx "" "for" "tex" "" "{brackets}"
.xx "" "" "world!" "" "hello"
