\xx {}{do shake the darling buds of May,}{And}{ summer's lease hath all too}{}
\xx {}{too hot the eye of heaven shines,}{And}{ often is his gold complexion}{}
\xx {}{is his gold complexion dimmed,}{And}{ every fair from fair sometime}{}
\xx {fade, Nor lose possession of}{}{But}{ thy eternal summer shall not}{}
\xx {}{fair from fair sometime declines,}{By}{ chance or nature's changing}{}
\xx {Thou art more lovely and}{Shall}{I}{ compare thee to a summer's day?}{}
\xx {}{do shake the darling buds of}{May,}{ And summer's lease hath all}{}
\xx {}{eternal summer shall not fade,}{Nor}{ lose possession of that fair}{}
\xx {}{of that fair thou ow'st,}{Nor}{ shall death brag thou}{}
\xx {buds of May, And summer's}{}{Rough}{ winds do shake the darling}{}
\xx {summer's day? Thou art more}{}{Shall}{ I compare thee to a}{}
\xx {eyes can see, So long lives}{}{So}{ long as men can breathe or}{}
\xx {}{men can breathe or eyes can see,}{So}{ long lives this, and this}{as}
\xx {heaven shines, And often is}{}{Sometime}{ too hot the eye of}{}
\xx {}{I compare thee to a summer's day?}{Thou}{ art more lovely and more}{}
\xx {}{brag thou wander'st in his shade,}{When}{ in eternal lines to time}{}
\xx {lovely}{Shall I compare thee to}{a}{ summer's day? Thou art more}{}
\xx {}{summer's lease hath all too short}{a}{ date:}{May, And}
\xx {}{of May, And summer's lease hath}{all}{ too short a date:}{buds}
\xx {}{day? Thou art more lovely}{and}{ more temperate:}{a summer's}
\xx {}{eyes can see, So long lives this,}{and}{ this gives life to thee.}{or}
\xx {}{thee to a summer's day? Thou}{art}{ more lovely and more}{}
\xx {see, So long lives}{So long}{as}{ men can breathe or eyes can}{}
\xx {}{fair thou ow'st, Nor shall death}{brag}{ thou wander'st in his shade,}{}
\xx {lives this,}{So long as men can}{breathe}{ or eyes can see, So long}{}
\xx {}{Rough winds do shake the darling}{buds}{ of May, And summer's lease}{}
\xx {long lives}{So long as men}{can}{ breathe or eyes can see, So}{}
\xx {}{long as men can breathe or eyes}{can}{ see, So long lives this, and}{}
\xx {}{from fair sometime declines, By}{chance}{ or nature's changing}{}
\xx {}{declines, By chance or nature's}{changing}{ course untrimmed:}{}
\xx {Thou art more lovely}{Shall I}{compare}{ thee to a summer's day?}{}
\xx {}{shines, And often is his gold}{complexion}{ dimmed, And every fair}{}
\xx {}{By chance or nature's changing}{course}{ untrimmed:}{declines,}
\xx {lease}{Rough winds do shake the}{darling}{ buds of May, And summer's}{}
\xx {}{lease hath all too short a}{date:}{}{May, And summer's}
\xx {}{I compare thee to a summer's}{day?}{ Thou art more lovely and}{}
\xx {}{that fair thou ow'st, Nor shall}{death}{ brag thou wander'st in his}{}
\xx {}{And every fair from fair sometime}{declines,}{ By chance or nature's}{}
\xx {}{And often is his gold complexion}{dimmed,}{ And every fair from fair}{}
\xx {And summer's lease}{Rough winds}{do}{ shake the darling buds of May,}{}
\xx {Nor lose possession of}{But thy}{eternal}{ summer shall not fade,}{}
\xx {}{wander'st in his shade, When in}{eternal}{ lines to time thou}{thou}
\xx {}{his gold complexion dimmed, And}{every}{ fair from fair sometime}{}
\xx {is his}{Sometime too hot the}{eye}{ of heaven shines, And often}{}
\xx {}{So long as men can breathe or}{eyes}{ can see, So long lives this,}{}
\xx {}{But thy eternal summer shall not}{fade,}{ Nor lose possession of that}{}
\xx {}{gold complexion dimmed, And every}{fair}{ from fair sometime declines,}{}
\xx {or}{dimmed, And every fair from}{fair}{ sometime declines, By chance}{}
\xx {}{fade, Nor lose possession of that}{fair}{ thou ow'st, Nor shall death}{}
\xx {}{complexion dimmed, And every fair}{from}{ fair sometime declines, By}{}
\xx {}{see, So long lives this, and this}{gives}{ life to thee.}{eyes can}
\xx {}{heaven shines, And often is his}{gold}{ complexion dimmed, And every}{}
\xx {}{in eternal lines to time thou}{grow'st:}{}{shade, When}
\xx {}{buds of May, And summer's lease}{hath}{ all too short a date:}{}
\xx {}{Sometime too hot the eye of}{heaven}{ shines, And often is his}{}
\xx {}{of heaven shines, And often is}{his}{ gold complexion dimmed, And}{}
\xx {}{death brag thou wander'st in}{his}{ shade, When in eternal lines}{}
\xx {often is his gold}{Sometime too}{hot}{ the eye of heaven shines, And}{}
\xx {}{shall death brag thou wander'st}{in}{ his shade, When in eternal}{}
\xx {}{thou wander'st in his shade, When}{in}{ eternal lines to time thou}{}
\xx {}{eye of heaven shines, And often}{is}{ his gold complexion dimmed,}{}
\xx {}{darling buds of May, And summer's}{lease}{ hath all too short a date:}{}
\xx {}{long lives this, and this gives}{life}{ to thee.}{can see, So}
\xx {}{in his shade, When in eternal}{lines}{ to time thou grow'st:}{}
\xx {}{breathe or eyes can see, So long}{lives}{ this, and this gives life}{}
\xx {can see, So long lives}{So}{long}{ as men can breathe or eyes}{}
\xx {}{can breathe or eyes can see, So}{long}{ lives this, and this gives}{}
\xx {}{summer shall not fade, Nor}{lose}{ possession of that fair thou}{}
\xx {}{to a summer's day? Thou art more}{lovely}{ and more temperate:}{thee}
\xx {So long lives this,}{So long as}{men}{ can breathe or eyes can see,}{}
\xx {}{thee to a summer's day? Thou art}{more}{ lovely and more temperate:}{}
\xx {}{day? Thou art more lovely and}{more}{ temperate:}{to a summer's}
\xx {}{sometime declines, By chance or}{nature's}{ changing course}{fair}
\xx {}{But thy eternal summer shall}{not}{ fade, Nor lose possession of}{}
\xx {}{winds do shake the darling buds}{of}{ May, And summer's lease hath}{}
\xx {his}{Sometime too hot the eye}{of}{ heaven shines, And often is}{}
\xx {}{not fade, Nor lose possession}{of}{ that fair thou ow'st, Nor}{}
\xx {}{hot the eye of heaven shines, And}{often}{ is his gold complexion}{}
\xx {}{fair sometime declines, By chance}{or}{ nature's changing course}{}
\xx {}{So long as men can breathe}{or}{ eyes can see, So long lives}{}
\xx {}{lose possession of that fair thou}{ow'st,}{ Nor shall death brag thou}{}
\xx {}{summer shall not fade, Nor lose}{possession}{ of that fair thou}{}
\xx {}{as men can breathe or eyes can}{see,}{ So long lives this, and this}{}
\xx {}{death brag thou wander'st in his}{shade,}{ When in eternal lines to}{}
\xx {And summer's}{Rough winds do}{shake}{ the darling buds of May,}{}
\xx {}{But thy eternal summer}{shall}{ not fade, Nor lose}{}
\xx {}{of that fair thou ow'st, Nor}{shall}{ death brag thou wander'st}{}
\xx {}{too hot the eye of heaven}{shines,}{ And often is his gold}{}
\xx {}{And summer's lease hath all too}{short}{ a date:}{buds of May,}
\xx {}{dimmed, And every fair from fair}{sometime}{ declines, By chance or}{}
\xx {possession of}{But thy eternal}{summer}{ shall not fade, Nor lose}{}
\xx {}{Shall I compare thee to a}{summer's}{ day? Thou art more}{}
\xx {a}{the darling buds of May, And}{summer's}{ lease hath all too short}{}
\xx {}{Thou art more lovely and more}{temperate:}{}{summer's day?}
\xx {}{not fade, Nor lose possession of}{that}{ fair thou ow'st, Nor shall}{}
\xx {summer's}{Rough winds do shake}{the}{ darling buds of May, And}{}
\xx {often is his}{Sometime too hot}{the}{ eye of heaven shines, And}{}
\xx {more lovely}{Shall I compare}{thee}{ to a summer's day? Thou art}{}
\xx {}{this, and this gives life to}{thee.}{}{So long lives}
\xx {}{can see, So long lives this, and}{this}{ gives life to thee.}{eyes}
\xx {}{or eyes can see, So long lives}{this,}{ and this gives life to}{}
\xx {}{Nor lose possession of that fair}{thou}{ ow'st, Nor shall death brag}{}
\xx {}{thou ow'st, Nor shall death brag}{thou}{ wander'st in his shade, When}{}
\xx {}{When in eternal lines to time}{thou}{ grow'st:}{in his shade,}
\xx {fade, Nor lose possession}{But}{thy}{ eternal summer shall not}{}
\xx {}{shade, When in eternal lines to}{time}{ thou grow'st:}{in his}
\xx {lovely}{Shall I compare thee}{to}{ a summer's day? Thou art more}{}
\xx {}{his shade, When in eternal lines}{to}{ time thou grow'st:}{in}
\xx {}{lives this, and this gives life}{to}{ thee.}{see, So long}
\xx {}{May, And summer's lease hath all}{too}{ short a date:}{buds of}
\xx {And often is his gold}{Sometime}{too}{ hot the eye of heaven shines,}{}
\xx {}{or nature's changing course}{untrimmed:}{}{By chance}
\xx {}{ow'st, Nor shall death brag thou}{wander'st}{ in his shade, When in}{}
\xx {of May, And summer's}{Rough}{winds}{ do shake the darling buds}{}
