.xx "" "" """quotes"", for roff" ""
.xx "" "and some other like" "%a, b#, c$c" ""
.xx "" "maybe" "also~or^" ""
.xx "%a, b#, c$c" "" "and some other like" ""
.xx "" "oh," "and back\slash" ""
.xx "" "some other like %a," "b#, c$c" "and"
.xx "" "oh, and" "back\slash" ""
.xx "" "other like %a, b#," "c$c" "and some"
.xx "" "let's check special" "characters:" ""
.xx "characters:" "let's" "check special" ""
.xx "" """quotes""," "for roff" ""
.xx "" "{brackets}" "for tex" ""
.xx "" "" "hello world!" ""
.xx "characters:" "" "let's check special" ""
.xx "" "and some other" "like %a, b#, c$c" ""
.xx "" "" "maybe also~or^" ""
.xx "" "" "oh, and back\slash" ""
.xx "" "and some" "other like %a, b#, c$c" ""
.xx "" """quotes"", for" "roff" ""
.xx "b#, c$c" "and" "some other like %a," ""
.xx "" "let's check" "special characters:" ""
.xx "" "{brackets} for" "tex" ""
.xx "" "hello" "world!" ""
.xx "" "" "{brackets} for tex" ""
