.xx "" "" """quotes"", for roff" "" "input:3"
.xx "" "and some other like" "%a, b#, c$c" "" "input:5"
.xx "" "maybe" "also~or^" "" "input:6"
.xx "" "" "and some other like %a, b#, c$c" "" "input:5"
.xx "" "oh," "and back\slash" "" "input:7"
.xx "" "and some other like %a," "b#, c$c" "" "input:5"
.xx "" "oh, and" "back\slash" "" "input:7"
.xx "" "and some other like %a, b#," "c$c" "" "input:5"
.xx "" "let's check special" "characters:" "" "input:2"
.xx "" "let's" "check special characters:" "" "input:2"
.xx "" """quotes""," "for roff" "" "input:3"
.xx "" "{brackets}" "for tex" "" "input:4"
.xx "" "" "hello world!" "" "input:1"
.xx "" "" "let's check special characters:" "" "input:2"
.xx "" "and some other" "like %a, b#, c$c" "" "input:5"
.xx "" "" "maybe also~or^" "" "input:6"
.xx "" "" "oh, and back\slash" "" "input:7"
.xx "" "and some" "other like %a, b#, c$c" "" "input:5"
.xx "" """quotes"", for" "roff" "" "input:3"
.xx "" "and" "some other like %a, b#, c$c" "" "input:5"
.xx "" "let's check" "special characters:" "" "input:2"
.xx "" "{brackets} for" "tex" "" "input:4"
.xx "" "hello" "world!" "" "input:1"
.xx "" "" "{brackets} for tex" "" "input:4"
