.xx "summer's day?" "" "I compare thee to a" "" "Shall"
.xx "" "shake the darling buds of" "May," "winds do" "Rough"
.xx "" "I compare thee to" "a summer's day?" "" "Shall"
.xx "" "lease hath all too short" "a date:" "summer's" "And"
.xx "" "summer's lease hath" "all too short a date:" "" "And"
.xx "" "art more lovely" "and more temperate:" "" "Thou"
.xx "thee." "long lives this," "and this gives life to" "" "So"
.xx "temperate:" "" "art more lovely and more" "" "Thou"
.xx "can see," "long" "as men can breathe or eyes" "" "So"
.xx "shade," "shall death" "brag thou wander'st in his" "" "Nor"
.xx "" "long as men can" "breathe or eyes can see," "" "So"
.xx "" "winds do shake the darling" "buds of May," "" "Rough"
.xx "see," "long as men" "can breathe or eyes can" "" "So"
.xx "" "as men can breathe or eyes" "can see," "long" "So"
.xx "course untrimmed:" "" "chance or nature's changing" "" "By"
.xx "" "chance or nature's" "changing course untrimmed:" "" "By"
.xx "day?" "I" "compare thee to a summer's" "" "Shall"
.xx "" "often is his gold" "complexion dimmed," "" "And"
.xx "" "chance or nature's changing" "course untrimmed:" "" "By"
.xx "" "winds do shake the" "darling buds of May," "" "Rough"
.xx "" "lease hath all too short a" "date:" "summer's" "And"
.xx "" "compare thee to a summer's" "day?" "I" "Shall"
.xx "in his shade," "shall" "death brag thou wander'st" "" "Nor"
.xx "" "fair from fair sometime" "declines," "every" "And"
.xx "" "is his gold complexion" "dimmed," "often" "And"
.xx "of May," "winds" "do shake the darling buds" "" "Rough"
.xx "fade," "thy" "eternal summer shall not" "" "But"
.xx "grow'st:" "in" "eternal lines to time thou" "" "When"
.xx "sometime declines," "" "every fair from fair" "" "And"
.xx "" "too hot the" "eye of heaven shines," "" "Sometime"
.xx "" "long as men can breathe or" "eyes can see," "" "So"
.xx "" "eternal summer shall not" "fade," "thy" "But"
.xx "declines," "every" "fair from fair sometime" "" "And"
.xx "" "every fair from" "fair sometime declines," "" "And"
.xx "" "lose possession of that" "fair thou ow'st," "" "Nor"
.xx "declines," "every fair" "from fair sometime" "" "And"
.xx "" "long lives this, and this" "gives life to thee." "" "So"
.xx "" "often is his" "gold complexion dimmed," "" "And"
.xx "" "eternal lines to time thou" "grow'st:" "in" "When"
.xx "" "summer's lease" "hath all too short a date:" "" "And"
.xx "" "too hot the eye of" "heaven shines," "" "Sometime"
.xx "" "often is" "his gold complexion dimmed," "" "And"
.xx "" "brag thou wander'st in" "his shade," "shall death" "Nor"
.xx "shines," "too" "hot the eye of heaven" "" "Sometime"
.xx "" "death brag thou wander'st" "in his shade," "shall" "Nor"
.xx "thou grow'st:" "" "in eternal lines to time" "" "When"
.xx "dimmed," "often" "is his gold complexion" "" "And"
.xx "date:" "summer's" "lease hath all too short a" "" "And"
.xx "" "lives this, and this gives" "life to thee." "long" "So"
.xx "" "in eternal" "lines to time thou grow'st:" "" "When"
.xx "life to thee." "long" "lives this, and this gives" "" "So"
.xx "eyes can see," "" "long as men can breathe or" "" "So"
.xx "gives life to thee." "" "long lives this, and this" "" "So"
.xx "fair thou ow'st," "" "lose possession of that" "" "Nor"
.xx "" "art more" "lovely and more temperate:" "" "Thou"
.xx "see," "long as" "men can breathe or eyes can" "" "So"
.xx "temperate:" "art" "more lovely and more" "" "Thou"
.xx "" "art more lovely and" "more temperate:" "" "Thou"
.xx "untrimmed:" "chance or" "nature's changing course" "" "By"
.xx "" "thy eternal summer shall" "not fade," "" "But"
.xx "" "do shake the darling buds" "of May," "winds" "Rough"
.xx "" "too hot the eye" "of heaven shines," "" "Sometime"
.xx "" "lose possession" "of that fair thou ow'st," "" "Nor"
.xx "complexion dimmed," "" "often is his gold" "" "And"
.xx "untrimmed:" "chance" "or nature's changing course" "" "By"
.xx "" "long as men can breathe" "or eyes can see," "" "So"
.xx "" "of that fair thou" "ow'st," "lose possession" "Nor"
.xx "thou ow'st," "lose" "possession of that fair" "" "Nor"
.xx "" "men can breathe or eyes can" "see," "long as" "So"
.xx "" "brag thou wander'st in his" "shade," "shall death" "Nor"
.xx "May," "winds do" "shake the darling buds of" "" "Rough"
.xx "" "thy eternal summer" "shall not fade," "" "But"
.xx "wander'st in his shade," "" "shall death brag thou" "" "Nor"
.xx "" "too hot the eye of heaven" "shines," "" "Sometime"
.xx "" "summer's lease hath all too" "short a date:" "" "And"
.xx "" "every fair from fair" "sometime declines," "" "And"
.xx "" "thy eternal" "summer shall not fade," "" "But"
.xx "" "I compare thee to a" "summer's day?" "" "Shall"
.xx "short a date:" "" "summer's lease hath all too" "" "And"
.xx "" "art more lovely and more" "temperate:" "" "Thou"
.xx "" "lose possession of" "that fair thou ow'st," "" "Nor"
.xx "" "winds do shake" "the darling buds of May," "" "Rough"
.xx "" "too hot" "the eye of heaven shines," "" "Sometime"
.xx "" "I compare" "thee to a summer's day?" "" "Shall"
.xx "" "and this gives life to" "thee." "long lives this," "So"
.xx "" "long lives this, and" "this gives life to thee." "" "So"
.xx "to thee." "long lives" "this, and this gives life" "" "So"
.xx "" "possession of that fair" "thou ow'st," "lose" "Nor"
.xx "shade," "shall death brag" "thou wander'st in his" "" "Nor"
.xx "" "in eternal lines to time" "thou grow'st:" "" "When"
.xx "not fade," "" "thy eternal summer shall" "" "But"
.xx "" "in eternal lines to" "time thou grow'st:" "" "When"
.xx "" "I compare thee" "to a summer's day?" "" "Shall"
.xx "" "in eternal lines" "to time thou grow'st:" "" "When"
.xx "" "this, and this gives life" "to thee." "long lives" "So"
.xx "" "summer's lease hath all" "too short a date:" "" "And"
.xx "shines," "" "too hot the eye of heaven" "" "Sometime"
.xx "" "or nature's changing course" "untrimmed:" "chance" "By"
.xx "" "shall death brag thou" "wander'st in his shade," "" "Nor"
.xx "buds of May," "" "winds do shake the darling" "" "Rough"
